Archive member included to satisfy reference by file (symbol)

c:/mounriver/mounriver_studio/toolchain/risc-v embedded gcc/bin/../lib/gcc/riscv-none-embed/8.2.0/../../../../riscv-none-embed/lib/rv32imafc/ilp32f\libm.a(lib_a-s_cos.o)
                              ./zf_device/zf_device_gnss.o (cos)
c:/mounriver/mounriver_studio/toolchain/risc-v embedded gcc/bin/../lib/gcc/riscv-none-embed/8.2.0/../../../../riscv-none-embed/lib/rv32imafc/ilp32f\libm.a(lib_a-s_sin.o)
                              ./zf_device/zf_device_gnss.o (sin)
c:/mounriver/mounriver_studio/toolchain/risc-v embedded gcc/bin/../lib/gcc/riscv-none-embed/8.2.0/../../../../riscv-none-embed/lib/rv32imafc/ilp32f\libm.a(lib_a-w_asin.o)
                              ./zf_device/zf_device_gnss.o (asin)
c:/mounriver/mounriver_studio/toolchain/risc-v embedded gcc/bin/../lib/gcc/riscv-none-embed/8.2.0/../../../../riscv-none-embed/lib/rv32imafc/ilp32f\libm.a(lib_a-w_atan2.o)
                              ./zf_device/zf_device_gnss.o (atan2)
c:/mounriver/mounriver_studio/toolchain/risc-v embedded gcc/bin/../lib/gcc/riscv-none-embed/8.2.0/../../../../riscv-none-embed/lib/rv32imafc/ilp32f\libm.a(lib_a-w_pow.o)
                              ./zf_device/zf_device_gnss.o (pow)
c:/mounriver/mounriver_studio/toolchain/risc-v embedded gcc/bin/../lib/gcc/riscv-none-embed/8.2.0/../../../../riscv-none-embed/lib/rv32imafc/ilp32f\libm.a(lib_a-w_sqrt.o)
                              ./zf_device/zf_device_gnss.o (sqrt)
c:/mounriver/mounriver_studio/toolchain/risc-v embedded gcc/bin/../lib/gcc/riscv-none-embed/8.2.0/../../../../riscv-none-embed/lib/rv32imafc/ilp32f\libm.a(lib_a-e_asin.o)
                              c:/mounriver/mounriver_studio/toolchain/risc-v embedded gcc/bin/../lib/gcc/riscv-none-embed/8.2.0/../../../../riscv-none-embed/lib/rv32imafc/ilp32f\libm.a(lib_a-w_asin.o) (__ieee754_asin)
c:/mounriver/mounriver_studio/toolchain/risc-v embedded gcc/bin/../lib/gcc/riscv-none-embed/8.2.0/../../../../riscv-none-embed/lib/rv32imafc/ilp32f\libm.a(lib_a-e_atan2.o)
                              c:/mounriver/mounriver_studio/toolchain/risc-v embedded gcc/bin/../lib/gcc/riscv-none-embed/8.2.0/../../../../riscv-none-embed/lib/rv32imafc/ilp32f\libm.a(lib_a-w_atan2.o) (__ieee754_atan2)
c:/mounriver/mounriver_studio/toolchain/risc-v embedded gcc/bin/../lib/gcc/riscv-none-embed/8.2.0/../../../../riscv-none-embed/lib/rv32imafc/ilp32f\libm.a(lib_a-e_pow.o)
                              c:/mounriver/mounriver_studio/toolchain/risc-v embedded gcc/bin/../lib/gcc/riscv-none-embed/8.2.0/../../../../riscv-none-embed/lib/rv32imafc/ilp32f\libm.a(lib_a-w_pow.o) (__ieee754_pow)
c:/mounriver/mounriver_studio/toolchain/risc-v embedded gcc/bin/../lib/gcc/riscv-none-embed/8.2.0/../../../../riscv-none-embed/lib/rv32imafc/ilp32f\libm.a(lib_a-e_rem_pio2.o)
                              c:/mounriver/mounriver_studio/toolchain/risc-v embedded gcc/bin/../lib/gcc/riscv-none-embed/8.2.0/../../../../riscv-none-embed/lib/rv32imafc/ilp32f\libm.a(lib_a-s_cos.o) (__ieee754_rem_pio2)
c:/mounriver/mounriver_studio/toolchain/risc-v embedded gcc/bin/../lib/gcc/riscv-none-embed/8.2.0/../../../../riscv-none-embed/lib/rv32imafc/ilp32f\libm.a(lib_a-e_sqrt.o)
                              c:/mounriver/mounriver_studio/toolchain/risc-v embedded gcc/bin/../lib/gcc/riscv-none-embed/8.2.0/../../../../riscv-none-embed/lib/rv32imafc/ilp32f\libm.a(lib_a-w_sqrt.o) (__ieee754_sqrt)
c:/mounriver/mounriver_studio/toolchain/risc-v embedded gcc/bin/../lib/gcc/riscv-none-embed/8.2.0/../../../../riscv-none-embed/lib/rv32imafc/ilp32f\libm.a(lib_a-k_cos.o)
                              c:/mounriver/mounriver_studio/toolchain/risc-v embedded gcc/bin/../lib/gcc/riscv-none-embed/8.2.0/../../../../riscv-none-embed/lib/rv32imafc/ilp32f\libm.a(lib_a-s_cos.o) (__kernel_cos)
c:/mounriver/mounriver_studio/toolchain/risc-v embedded gcc/bin/../lib/gcc/riscv-none-embed/8.2.0/../../../../riscv-none-embed/lib/rv32imafc/ilp32f\libm.a(lib_a-k_rem_pio2.o)
                              c:/mounriver/mounriver_studio/toolchain/risc-v embedded gcc/bin/../lib/gcc/riscv-none-embed/8.2.0/../../../../riscv-none-embed/lib/rv32imafc/ilp32f\libm.a(lib_a-e_rem_pio2.o) (__kernel_rem_pio2)
c:/mounriver/mounriver_studio/toolchain/risc-v embedded gcc/bin/../lib/gcc/riscv-none-embed/8.2.0/../../../../riscv-none-embed/lib/rv32imafc/ilp32f\libm.a(lib_a-k_sin.o)
                              c:/mounriver/mounriver_studio/toolchain/risc-v embedded gcc/bin/../lib/gcc/riscv-none-embed/8.2.0/../../../../riscv-none-embed/lib/rv32imafc/ilp32f\libm.a(lib_a-s_cos.o) (__kernel_sin)
c:/mounriver/mounriver_studio/toolchain/risc-v embedded gcc/bin/../lib/gcc/riscv-none-embed/8.2.0/../../../../riscv-none-embed/lib/rv32imafc/ilp32f\libm.a(lib_a-s_atan.o)
                              c:/mounriver/mounriver_studio/toolchain/risc-v embedded gcc/bin/../lib/gcc/riscv-none-embed/8.2.0/../../../../riscv-none-embed/lib/rv32imafc/ilp32f\libm.a(lib_a-e_atan2.o) (atan)
[...]
Memory Configuration

Name             Origin             Length             Attributes
RAM              0x0000000020000040 0x000000000000fc00 xrw
FLASH            0x0000000000000000 0x0000000000040000 xr
*default*        0x0000000000000000 0xffffffffffffffff

Linker script and memory map

LOAD ./zf_driver/zf_driver_adc.o
LOAD ./zf_driver/zf_driver_delay.o
LOAD ./zf_driver/zf_driver_dvp.o
LOAD ./zf_driver/zf_driver_encoder.o
LOAD ./zf_driver/zf_driver_exti.o
LOAD ./zf_driver/zf_driver_flash.o
LOAD ./zf_driver/zf_driver_gpio.o
LOAD ./zf_driver/zf_driver_iic.o
LOAD ./zf_driver/zf_driver_pit.o
LOAD ./zf_driver/zf_driver_pwm.o
LOAD ./zf_driver/zf_driver_soft_iic.o
LOAD ./zf_driver/zf_driver_soft_spi.o
LOAD ./zf_driver/zf_driver_spi.o
LOAD ./zf_driver/zf_driver_timer.o
LOAD ./zf_driver/zf_driver_uart.o
LOAD ./zf_driver/zf_driver_usb_cdc.o
LOAD ./zf_device/zf_device_absolute_encoder.o
LOAD ./zf_device/zf_device_aht20.o
LOAD ./zf_device/zf_device_bluetooth_ch9141.o
LOAD ./zf_device/zf_device_camera.o
LOAD ./zf_device/zf_device_dl1a.o
LOAD ./zf_device/zf_device_dl1b.o
LOAD ./zf_device/zf_device_dm1xa.o
LOAD ./zf_device/zf_device_gnss.o
LOAD ./zf_device/zf_device_icm20602.o
LOAD ./zf_device/zf_device_imu660ra.o
LOAD ./zf_device/zf_device_imu963ra.o
LOAD ./zf_device/zf_device_ips114.o
LOAD ./zf_device/zf_device_ips200.o
LOAD ./zf_device/zf_device_k24c02.o
LOAD ./zf_device/zf_device_key.o
LOAD ./zf_device/zf_device_mpu6050.o
LOAD ./zf_device/zf_device_mt9v03x_dvp.o
LOAD ./zf_device/zf_device_oled.o
LOAD ./zf_device/zf_device_scc8660_dvp.o
LOAD ./zf_device/zf_device_tft180.o
LOAD ./zf_device/zf_device_type.o
LOAD ./zf_device/zf_device_virtual_oscilloscope.o
LOAD ./zf_device/zf_device_w25q32.o
LOAD ./zf_device/zf_device_wifi_spi.o
LOAD ./zf_device/zf_device_wifi_uart.o
LOAD ./zf_device/zf_device_wireless_ch573.o
LOAD ./zf_device/zf_device_wireless_uart.o
LOAD ./zf_components/seekfree_assistant.o
LOAD ./zf_components/seekfree_assistant_interface.o
LOAD ./zf_common/zf_common_clock.o
LOAD ./zf_common/zf_common_debug.o
LOAD ./zf_common/zf_common_fifo.o
LOAD ./zf_common/zf_common_font.o
LOAD ./zf_common/zf_common_function.o
LOAD ./zf_common/zf_common_interrupt.o
LOAD ./user_c/isr.o
LOAD ./user_c/main.o
LOAD ./sdk/Startup/startup_ch32v30x_D8C.o
LOAD ./sdk/Peripheral/ch32v30x_adc.o
LOAD ./sdk/Peripheral/ch32v30x_bkp.o
LOAD ./sdk/Peripheral/ch32v30x_can.o
LOAD ./sdk/Peripheral/ch32v30x_crc.o
LOAD ./sdk/Peripheral/ch32v30x_dac.o
LOAD ./sdk/Peripheral/ch32v30x_dbgmcu.o
LOAD ./sdk/Peripheral/ch32v30x_dma.o
LOAD ./sdk/Peripheral/ch32v30x_dvp.o
LOAD ./sdk/Peripheral/ch32v30x_eth.o
LOAD ./sdk/Peripheral/ch32v30x_exti.o
LOAD ./sdk/Peripheral/ch32v30x_flash.o
LOAD ./sdk/Peripheral/ch32v30x_fsmc.o
LOAD ./sdk/Peripheral/ch32v30x_gpio.o
LOAD ./sdk/Peripheral/ch32v30x_i2c.o
LOAD ./sdk/Peripheral/ch32v30x_iwdg.o
LOAD ./sdk/Peripheral/ch32v30x_opa.o
LOAD ./sdk/Peripheral/ch32v30x_pwr.o
LOAD ./sdk/Peripheral/ch32v30x_rcc.o
LOAD ./sdk/Peripheral/ch32v30x_rng.o
LOAD ./sdk/Peripheral/ch32v30x_rtc.o
LOAD ./sdk/Peripheral/ch32v30x_sdio.o
LOAD ./sdk/Peripheral/ch32v30x_spi.o
LOAD ./sdk/Peripheral/ch32v30x_tim.o
LOAD ./sdk/Peripheral/ch32v30x_usart.o
LOAD ./sdk/Peripheral/ch32v30x_usbotg_device.o
LOAD ./sdk/Peripheral/ch32v30x_wwdg.o
LOAD ./sdk/Core/core_riscv.o
LOAD ./code/Ring_Buffer.o
LOAD ./code/UART_Data_Unpacker.o
LOAD c:/mounriver/mounriver_studio/toolchain/risc-v embedded gcc/bin/../lib/gcc/riscv-none-embed/8.2.0/../../../../riscv-none-embed/lib/rv32imafc/ilp32f\libm.a
LOAD X:\Embedded folder\SDK\CHV307_Library\Seekfree_CH32V307VCT6_Opensource_Library\libraries\zf_device\libzf_device_config.a
LOAD c:/mounriver/mounriver_studio/toolchain/risc-v embedded gcc/bin/../lib/gcc/riscv-none-embed/8.2.0/rv32imafc/ilp32f\libgcc.a
LOAD c:/mounriver/mounriver_studio/toolchain/risc-v embedded gcc/bin/../lib/gcc/riscv-none-embed/8.2.0/../../../../riscv-none-embed/lib/rv32imafc/ilp32f\libg_nano.a
LOAD c:/mounriver/mounriver_studio/toolchain/risc-v embedded gcc/bin/../lib/gcc/riscv-none-embed/8.2.0/../../../../riscv-none-embed/lib/rv32imafc/ilp32f\libc_nano.a
LOAD c:/mounriver/mounriver_studio/toolchain/risc-v embedded gcc/bin/../lib/gcc/riscv-none-embed/8.2.0/rv32imafc/ilp32f\libgcc.a
START GROUP
LOAD c:/mounriver/mounriver_studio/toolchain/risc-v embedded gcc/bin/../lib/gcc/riscv-none-embed/8.2.0/rv32imafc/ilp32f\libgcc.a
LOAD c:/mounriver/mounriver_studio/toolchain/risc-v embedded gcc/bin/../lib/gcc/riscv-none-embed/8.2.0/../../../../riscv-none-embed/lib/rv32imafc/ilp32f\libc_nano.a
LOAD c:/mounriver/mounriver_studio/toolchain/risc-v embedded gcc/bin/../lib/gcc/riscv-none-embed/8.2.0/../../../../riscv-none-embed/lib/rv32imafc/ilp32f\libnosys.a
END GROUP
START GROUP
LOAD c:/mounriver/mounriver_studio/toolchain/risc-v embedded gcc/bin/../lib/gcc/riscv-none-embed/8.2.0/rv32imafc/ilp32f\libgcc.a
LOAD c:/mounriver/mounriver_studio/toolchain/risc-v embedded gcc/bin/../lib/gcc/riscv-none-embed/8.2.0/../../../../riscv-none-embed/lib/rv32imafc/ilp32f\libc_nano.a
LOAD c:/mounriver/mounriver_studio/toolchain/risc-v embedded gcc/bin/../lib/gcc/riscv-none-embed/8.2.0/../../../../riscv-none-embed/lib/rv32imafc/ilp32f\libnosys.a
END GROUP
                0x0000000000000800                __stack_size = 0x800
                [!provide]                        PROVIDE (_stack_size = __stack_size)

.init           0x0000000000000000       0x38
                0x0000000000000000                _sinit = .
                0x0000000000000000                . = ALIGN (0x4)
 *(SORT_NONE(.init))
 .init          0x0000000000000000       0x38 ./sdk/Startup/startup_ch32v30x_D8C.o
                0x0000000000000000                _start
                0x0000000000000038                . = ALIGN (0x4)
                0x0000000000000038                _einit = .

.vector         0x0000000000000038      0x1c8
 *(.vector)
 .vector        0x0000000000000038      0x1a0 ./sdk/Startup/startup_ch32v30x_D8C.o
                0x0000000000000200                . = ALIGN (0x40)
 *fill*         0x00000000000001d8       0x28 

.text           0x0000000000000200     0xe740
                0x0000000000000200                . = ALIGN (0x4)
 *(.text)
 .text          0x0000000000000200       0xa8 c:/mounriver/mounriver_studio/toolchain/risc-v embedded gcc/bin/../lib/gcc/riscv-none-embed/8.2.0/../../../../riscv-none-embed/lib/rv32imafc/ilp32f\libg_nano.a(lib_a-memset.o)
                0x0000000000000200                memset
 *(.text.*)
 .text.gpio_get_level
                0x00000000000002a8       0x42 ./zf_driver/zf_driver_gpio.o
                0x00000000000002a8                gpio_get_level
 .text.gpio_init
                0x00000000000002ea      0x15c ./zf_driver/zf_driver_gpio.o
                0x00000000000002ea                gpio_init
 .text.timer_get
                0x0000000000000446       0xfe ./zf_driver/zf_driver_timer.o
                0x0000000000000446                timer_get
 .text.timer_clear
                0x0000000000000544       0xc4 ./zf_driver/zf_driver_timer.o
                0x0000000000000544                timer_clear
 .text.uart_write_byte
                0x0000000000000608       0x56 ./zf_driver/zf_driver_uart.o
                0x0000000000000608                uart_write_byte
 .text.uart_write_string
                0x000000000000065e       0x60 ./zf_driver/zf_driver_uart.o
                0x000000000000065e                uart_write_string
 .text.uart_rx_interrupt
                0x00000000000006be       0x84 ./zf_driver/zf_driver_uart.o
                0x00000000000006be                uart_rx_interrupt
 .text.uart_query_byte
                0x0000000000000742       0x5e ./zf_driver/zf_driver_uart.o
                0x0000000000000742                uart_query_byte
 .text.uart_init
                0x00000000000007a0      0x5a6 ./zf_driver/zf_driver_uart.o
                0x00000000000007a0                uart_init
 .text.dm1xa_sound_callback
                0x0000000000000d46       0xf6 ./zf_device/zf_device_dm1xa.o
                0x0000000000000d46                dm1xa_sound_callback
 .text.dm1xa_light_callback
                0x0000000000000e3c       0x32 ./zf_device/zf_device_dm1xa.o
                0x0000000000000e3c                dm1xa_light_callback
 .text.gnss_uart_callback
                0x0000000000000e6e      0x15c ./zf_device/zf_device_gnss.o
                0x0000000000000e6e                gnss_uart_callback
 .text.type_default_callback
                0x0000000000000fca        0xe ./zf_device/zf_device_type.o
 .text.clock_reset
                0x0000000000000fd8       0x76 ./zf_common/zf_common_clock.o
                0x0000000000000fd8                clock_reset
 .text.clock_set_freq
                0x000000000000104e      0x1de ./zf_common/zf_common_clock.o
                0x000000000000104e                clock_set_freq
 .text.clock_init
                0x000000000000122c       0x2a ./zf_common/zf_common_clock.o
                0x000000000000122c                clock_init
 .text.__NOP    0x0000000000001256       0x10 ./zf_common/zf_common_debug.o
 .text.debug_delay
                0x0000000000001266       0x52 ./zf_common/zf_common_debug.o
 .text.debug_protective_handler
                0x00000000000012b8        0xe ./zf_common/zf_common_debug.o
 .text.debug_uart_str_output
                0x00000000000012c6       0x20 ./zf_common/zf_common_debug.o
 .text.debug_output
                0x00000000000012e6      0x52c ./zf_common/zf_common_debug.o
 .text._write   0x0000000000001812       0x7c ./zf_common/zf_common_debug.o
                0x0000000000001812                _write
 .text.debug_assert_handler
                0x000000000000188e       0x68 ./zf_common/zf_common_debug.o
                0x000000000000188e                debug_assert_handler
 .text.debug_output_struct_init
                0x00000000000018f6       0x5a ./zf_common/zf_common_debug.o
                0x00000000000018f6                debug_output_struct_init
 .text.debug_output_init
                0x0000000000001950       0x88 ./zf_common/zf_common_debug.o
                0x0000000000001950                debug_output_init
 .text.debug_init
                0x00000000000019d8       0x46 ./zf_common/zf_common_debug.o
                0x00000000000019d8                debug_init
 .text.fifo_head_offset
                0x0000000000001a1e      0x184 ./zf_common/zf_common_fifo.o
 .text.fifo_end_offset
                0x0000000000001ba2      0x184 ./zf_common/zf_common_fifo.o
 .text.fifo_clear
                0x0000000000001d26      0x248 ./zf_common/zf_common_fifo.o
                0x0000000000001d26                fifo_clear
 .text.fifo_used
                0x0000000000001f6e       0x7a ./zf_common/zf_common_fifo.o
                0x0000000000001f6e                fifo_used
 .text.fifo_write_buffer
                0x0000000000001fe8      0x5ea ./zf_common/zf_common_fifo.o
                0x0000000000001fe8                fifo_write_buffer
 .text.fifo_read_buffer
                0x00000000000025d2      0x5a4 ./zf_common/zf_common_fifo.o
                0x00000000000025d2                fifo_read_buffer
 .text.__enable_irq
                0x0000000000002b76       0x18 ./zf_common/zf_common_interrupt.o
 .text.__disable_irq
                0x0000000000002b8e       0x14 ./zf_common/zf_common_interrupt.o
 .text.NVIC_EnableIRQ
                0x0000000000002ba2       0x32 ./zf_common/zf_common_interrupt.o
 .text.NVIC_DisableIRQ
                0x0000000000002bd4       0x32 ./zf_common/zf_common_interrupt.o
 .text.NVIC_SetPriority
                0x0000000000002c06       0x2a ./zf_common/zf_common_interrupt.o
 .text.interrupt_enable
                0x0000000000002c30       0x1c ./zf_common/zf_common_interrupt.o
                0x0000000000002c30                interrupt_enable
 .text.interrupt_disable
                0x0000000000002c4c       0x1c ./zf_common/zf_common_interrupt.o
                0x0000000000002c4c                interrupt_disable
 .text.interrupt_set_priority
                0x0000000000002c68       0x28 ./zf_common/zf_common_interrupt.o
                0x0000000000002c68                interrupt_set_priority
 .text.interrupt_global_enable
                0x0000000000002c90       0x30 ./zf_common/zf_common_interrupt.o
                0x0000000000002c90                interrupt_global_enable
 .text.interrupt_global_disable
                0x0000000000002cc0       0x2a ./zf_common/zf_common_interrupt.o
                0x0000000000002cc0                interrupt_global_disable
 .text.interrupt_init
                0x0000000000002cea       0x16 ./zf_common/zf_common_interrupt.o
                0x0000000000002cea                interrupt_init
 .text.USART1_IRQHandler
                0x0000000000002d00       0xc4 ./user_c/isr.o
                0x0000000000002d00                USART1_IRQHandler
 .text.USART2_IRQHandler
                0x0000000000002dc4       0xc4 ./user_c/isr.o
                0x0000000000002dc4                USART2_IRQHandler
 .text.USART3_IRQHandler
                0x0000000000002e88       0xc4 ./user_c/isr.o
                0x0000000000002e88                USART3_IRQHandler
 .text.UART4_IRQHandler
                0x0000000000002f4c       0xc4 ./user_c/isr.o
                0x0000000000002f4c                UART4_IRQHandler
 .text.UART5_IRQHandler
                0x0000000000003010       0xc6 ./user_c/isr.o
                0x0000000000003010                UART5_IRQHandler
 .text.UART6_IRQHandler
                0x00000000000030d6       0xc4 ./user_c/isr.o
                0x00000000000030d6                UART6_IRQHandler
 .text.UART7_IRQHandler
                0x000000000000319a       0xca ./user_c/isr.o
                0x000000000000319a                UART7_IRQHandler
 .text.UART8_IRQHandler
                0x0000000000003264       0xc4 ./user_c/isr.o
                0x0000000000003264                UART8_IRQHandler
 .text.DVP_IRQHandler
                0x0000000000003328       0xd0 ./user_c/isr.o
                0x0000000000003328                DVP_IRQHandler
 .text.EXTI0_IRQHandler
                0x00000000000033f8       0xb4 ./user_c/isr.o
                0x00000000000033f8                EXTI0_IRQHandler
 .text.EXTI1_IRQHandler
                0x00000000000034ac       0xb4 ./user_c/isr.o
                0x00000000000034ac                EXTI1_IRQHandler
 .text.EXTI2_IRQHandler
                0x0000000000003560       0xb4 ./user_c/isr.o
                0x0000000000003560                EXTI2_IRQHandler
 .text.EXTI3_IRQHandler
                0x0000000000003614       0xb4 ./user_c/isr.o
                0x0000000000003614                EXTI3_IRQHandler
 .text.EXTI4_IRQHandler
                0x00000000000036c8       0xb4 ./user_c/isr.o
                0x00000000000036c8                EXTI4_IRQHandler
 .text.EXTI9_5_IRQHandler
                0x000000000000377c      0x118 ./user_c/isr.o
                0x000000000000377c                EXTI9_5_IRQHandler
 .text.EXTI15_10_IRQHandler
                0x0000000000003894      0x132 ./user_c/isr.o
                0x0000000000003894                EXTI15_10_IRQHandler
 .text.TIM1_UP_IRQHandler
                0x00000000000039c6       0xc0 ./user_c/isr.o
                0x00000000000039c6                TIM1_UP_IRQHandler
 .text.TIM2_IRQHandler
                0x0000000000003a86       0xb8 ./user_c/isr.o
                0x0000000000003a86                TIM2_IRQHandler
 .text.TIM3_IRQHandler
                0x0000000000003b3e       0xc0 ./user_c/isr.o
                0x0000000000003b3e                TIM3_IRQHandler
 .text.TIM4_IRQHandler
                0x0000000000003bfe       0xc0 ./user_c/isr.o
                0x0000000000003bfe                TIM4_IRQHandler
 .text.TIM5_IRQHandler
                0x0000000000003cbe       0xc0 ./user_c/isr.o
                0x0000000000003cbe                TIM5_IRQHandler
 .text.TIM6_IRQHandler
                0x0000000000003d7e       0xb8 ./user_c/isr.o
                0x0000000000003d7e                TIM6_IRQHandler
 .text.TIM7_IRQHandler
                0x0000000000003e36       0xc0 ./user_c/isr.o
                0x0000000000003e36                TIM7_IRQHandler
 .text.TIM8_UP_IRQHandler
                0x0000000000003ef6       0xc0 ./user_c/isr.o
                0x0000000000003ef6                TIM8_UP_IRQHandler
 .text.TIM9_UP_IRQHandler
                0x0000000000003fb6       0xc0 ./user_c/isr.o
                0x0000000000003fb6                TIM9_UP_IRQHandler
 .text.TIM10_UP_IRQHandler
                0x0000000000004076       0xb8 ./user_c/isr.o
                0x0000000000004076                TIM10_UP_IRQHandler
 .text.NMI_Handler
                0x000000000000412e       0x10 ./user_c/isr.o
                0x000000000000412e                NMI_Handler
 .text.HardFault_Handler
                0x000000000000413e        0x8 ./user_c/isr.o
                0x000000000000413e                HardFault_Handler
 .text.main     0x0000000000004146       0xb0 ./user_c/main.o
                0x0000000000004146                main
 .text.vector_handler
                0x00000000000041f6       0xbe ./sdk/Startup/startup_ch32v30x_D8C.o
                0x00000000000041fa                Ecall_M_Mode_Handler
                0x00000000000041fc                Ecall_U_Mode_Handler
                0x00000000000041fe                Break_Point_Handler
                0x0000000000004200                SysTick_Handler
                0x0000000000004202                SW_Handler
                0x0000000000004204                WWDG_IRQHandler
                0x0000000000004206                PVD_IRQHandler
                0x0000000000004208                TAMPER_IRQHandler
                0x000000000000420a                RTC_IRQHandler
                0x000000000000420c                FLASH_IRQHandler
                0x000000000000420e                RCC_IRQHandler
                0x000000000000421a                DMA1_Channel1_IRQHandler
                0x000000000000421c                DMA1_Channel2_IRQHandler
                0x000000000000421e                DMA1_Channel3_IRQHandler
                0x0000000000004220                DMA1_Channel4_IRQHandler
                0x0000000000004222                DMA1_Channel5_IRQHandler
                0x0000000000004224                DMA1_Channel6_IRQHandler
                0x0000000000004226                DMA1_Channel7_IRQHandler
                0x0000000000004228                ADC1_2_IRQHandler
                0x000000000000422a                USB_HP_CAN1_TX_IRQHandler
                0x000000000000422c                USB_LP_CAN1_RX0_IRQHandler
                0x000000000000422e                CAN1_RX1_IRQHandler
                0x0000000000004230                CAN1_SCE_IRQHandler
                0x0000000000004234                TIM1_BRK_IRQHandler
                0x0000000000004238                TIM1_TRG_COM_IRQHandler
                0x000000000000423a                TIM1_CC_IRQHandler
                0x0000000000004242                I2C1_EV_IRQHandler
                0x0000000000004244                I2C1_ER_IRQHandler
                0x0000000000004246                I2C2_EV_IRQHandler
                0x0000000000004248                I2C2_ER_IRQHandler
                0x000000000000424a                SPI1_IRQHandler
                0x000000000000424c                SPI2_IRQHandler
                0x0000000000004256                RTCAlarm_IRQHandler
                0x0000000000004258                USBWakeUp_IRQHandler
                0x000000000000425a                TIM8_BRK_IRQHandler
                0x000000000000425e                TIM8_TRG_COM_IRQHandler
                0x0000000000004260                TIM8_CC_IRQHandler
                0x0000000000004262                RNG_IRQHandler
                0x0000000000004264                FSMC_IRQHandler
                0x0000000000004266                SDIO_IRQHandler
                0x000000000000426a                SPI3_IRQHandler
                0x0000000000004274                DMA2_Channel1_IRQHandler
                0x0000000000004276                DMA2_Channel2_IRQHandler
                0x0000000000004278                DMA2_Channel3_IRQHandler
                0x000000000000427a                DMA2_Channel4_IRQHandler
                0x000000000000427c                DMA2_Channel5_IRQHandler
                0x000000000000427e                ETH_IRQHandler
                0x0000000000004280                ETH_WKUP_IRQHandler
                0x0000000000004282                CAN2_TX_IRQHandler
                0x0000000000004284                CAN2_RX0_IRQHandler
                0x0000000000004286                CAN2_RX1_IRQHandler
                0x0000000000004288                CAN2_SCE_IRQHandler
                0x000000000000428c                USBHSWakeup_IRQHandler
                0x000000000000428e                USBHS_IRQHandler
                0x0000000000004298                TIM9_BRK_IRQHandler
                0x000000000000429c                TIM9_TRG_COM_IRQHandler
                0x000000000000429e                TIM9_CC_IRQHandler
                0x00000000000042a0                TIM10_BRK_IRQHandler
                0x00000000000042a4                TIM10_TRG_COM_IRQHandler
                0x00000000000042a6                TIM10_CC_IRQHandler
                0x00000000000042a8                DMA2_Channel6_IRQHandler
                0x00000000000042aa                DMA2_Channel7_IRQHandler
                0x00000000000042ac                DMA2_Channel8_IRQHandler
                0x00000000000042ae                DMA2_Channel9_IRQHandler
                0x00000000000042b0                DMA2_Channel10_IRQHandler
                0x00000000000042b2                DMA2_Channel11_IRQHandler
 .text.handle_reset
                0x00000000000042b4       0x86 ./sdk/Startup/startup_ch32v30x_D8C.o
                0x00000000000042b4                handle_reset
 .text.EXTI_GetITStatus
                0x000000000000433a       0x56 ./sdk/Peripheral/ch32v30x_exti.o
                0x000000000000433a                EXTI_GetITStatus
 .text.EXTI_ClearITPendingBit
                0x0000000000004390       0x20 ./sdk/Peripheral/ch32v30x_exti.o
                0x0000000000004390                EXTI_ClearITPendingBit
 .text.GPIO_Init
                0x00000000000043b0      0x22a ./sdk/Peripheral/ch32v30x_gpio.o
                0x00000000000043b0                GPIO_Init
 .text.GPIO_WriteBit
                0x00000000000045da       0x38 ./sdk/Peripheral/ch32v30x_gpio.o
                0x00000000000045da                GPIO_WriteBit
 .text.RCC_GetClocksFreq
                0x0000000000004612      0x2c6 ./sdk/Peripheral/ch32v30x_rcc.o
                0x0000000000004612                RCC_GetClocksFreq
 .text.RCC_APB2PeriphClockCmd
                0x00000000000048d8       0x46 ./sdk/Peripheral/ch32v30x_rcc.o
                0x00000000000048d8                RCC_APB2PeriphClockCmd
 .text.RCC_APB1PeriphClockCmd
                0x000000000000491e       0x46 ./sdk/Peripheral/ch32v30x_rcc.o
                0x000000000000491e                RCC_APB1PeriphClockCmd
 .text.TIM_GetITStatus
                0x0000000000004964       0x70 ./sdk/Peripheral/ch32v30x_tim.o
                0x0000000000004964                TIM_GetITStatus
 .text.TIM_ClearITPendingBit
                0x00000000000049d4       0x2e ./sdk/Peripheral/ch32v30x_tim.o
                0x00000000000049d4                TIM_ClearITPendingBit
 .text.USART_Init
                0x0000000000004a02      0x234 ./sdk/Peripheral/ch32v30x_usart.o
                0x0000000000004a02                USART_Init
 .text.USART_Cmd
                0x0000000000004c36       0x60 ./sdk/Peripheral/ch32v30x_usart.o
                0x0000000000004c36                USART_Cmd
 .text.USART_ITConfig
                0x0000000000004c96       0xc4 ./sdk/Peripheral/ch32v30x_usart.o
                0x0000000000004c96                USART_ITConfig
 .text.USART_SendData
                0x0000000000004d5a       0x2e ./sdk/Peripheral/ch32v30x_usart.o
                0x0000000000004d5a                USART_SendData
 .text.USART_GetFlagStatus
                0x0000000000004d88       0x46 ./sdk/Peripheral/ch32v30x_usart.o
                0x0000000000004d88                USART_GetFlagStatus
 .text.USART_GetITStatus
                0x0000000000004dce      0x102 ./sdk/Peripheral/ch32v30x_usart.o
                0x0000000000004dce                USART_GetITStatus
 .text.USART_ClearITPendingBit
                0x0000000000004ed0       0x4e ./sdk/Peripheral/ch32v30x_usart.o
                0x0000000000004ed0                USART_ClearITPendingBit
 .text.DevEP1_IN_Deal
                0x0000000000004f1e       0x3e ./sdk/Peripheral/ch32v30x_usbotg_device.o
                0x0000000000004f1e                DevEP1_IN_Deal
 .text.DevEP2_IN_Deal
                0x0000000000004f5c       0x3e ./sdk/Peripheral/ch32v30x_usbotg_device.o
                0x0000000000004f5c                DevEP2_IN_Deal
 .text.DevEP1_OUT_Deal
                0x0000000000004f9a       0x64 ./sdk/Peripheral/ch32v30x_usbotg_device.o
                0x0000000000004f9a                DevEP1_OUT_Deal
 .text.DevEP2_OUT_Deal
                0x0000000000004ffe       0x64 ./sdk/Peripheral/ch32v30x_usbotg_device.o
                0x0000000000004ffe                DevEP2_OUT_Deal
 .text.OTG_FS_IRQHandler
                0x0000000000005062      0xd16 ./sdk/Peripheral/ch32v30x_usbotg_device.o
                0x0000000000005062                OTG_FS_IRQHandler
 .text.ring_buffer_is_empty
                0x0000000000005d78       0x2a ./code/Ring_Buffer.o
                0x0000000000005d78                ring_buffer_is_empty
 .text.ring_buffer_is_full
                0x0000000000005da2       0x3a ./code/Ring_Buffer.o
                0x0000000000005da2                ring_buffer_is_full
 .text.ring_buffer_init
                0x0000000000005ddc       0x6e ./code/Ring_Buffer.o
                0x0000000000005ddc                ring_buffer_init
 .text.ring_buffer_queue
                0x0000000000005e4a       0x6c ./code/Ring_Buffer.o
                0x0000000000005e4a                ring_buffer_queue
 .text.ring_buffer_dequeue
                0x0000000000005eb6       0x5e ./code/Ring_Buffer.o
                0x0000000000005eb6                ring_buffer_dequeue
 .text.PacketTag_Analysis
                0x0000000000005f14       0xba ./code/UART_Data_Unpacker.o
                0x0000000000005f14                PacketTag_Analysis
 .text.UnpackData_Handle_Float_FireWater
                0x0000000000005fce       0x3c ./code/UART_Data_Unpacker.o
                0x0000000000005fce                UnpackData_Handle_Float_FireWater
 .text.UnpackData_Handle_Int_FireWater
                0x000000000000600a       0x2e ./code/UART_Data_Unpacker.o
                0x000000000000600a                UnpackData_Handle_Int_FireWater
 .text.printf_USART_DEBUG
                0x0000000000006038       0x52 ./code/UART_Data_Unpacker.o
                0x0000000000006038                printf_USART_DEBUG
 .text.DebugPrint
                0x000000000000608a       0x58 ./code/UART_Data_Unpacker.o
                0x000000000000608a                DebugPrint
 .text.USART_DEBUG_IRQ_Function
                0x00000000000060e2       0x38 ./code/UART_Data_Unpacker.o
                0x00000000000060e2                USART_DEBUG_IRQ_Function
 .text.UART_DEBUG_Ringbuffer_Processer
                0x000000000000611a      0x138 ./code/UART_Data_Unpacker.o
                0x000000000000611a                UART_DEBUG_Ringbuffer_Processer
 .text.__adddf3
                0x0000000000006252      0xa0e c:/mounriver/mounriver_studio/toolchain/risc-v embedded gcc/bin/../lib/gcc/riscv-none-embed/8.2.0/rv32imafc/ilp32f\libgcc.a(adddf3.o)
                0x0000000000006252                __adddf3
 .text.__divdf3
                0x0000000000006c60      0x7ea c:/mounriver/mounriver_studio/toolchain/risc-v embedded gcc/bin/../lib/gcc/riscv-none-embed/8.2.0/rv32imafc/ilp32f\libgcc.a(divdf3.o)
                0x0000000000006c60                __divdf3
 .text.__eqdf2  0x000000000000744a       0x98 c:/mounriver/mounriver_studio/toolchain/risc-v embedded gcc/bin/../lib/gcc/riscv-none-embed/8.2.0/rv32imafc/ilp32f\libgcc.a(eqdf2.o)
                0x000000000000744a                __nedf2
                0x000000000000744a                __eqdf2
 .text.__gedf2  0x00000000000074e2       0xb6 c:/mounriver/mounriver_studio/toolchain/risc-v embedded gcc/bin/../lib/gcc/riscv-none-embed/8.2.0/rv32imafc/ilp32f\libgcc.a(gedf2.o)
                0x00000000000074e2                __gedf2
                0x00000000000074e2                __gtdf2
 .text.__ledf2  0x0000000000007598       0xb6 c:/mounriver/mounriver_studio/toolchain/risc-v embedded gcc/bin/../lib/gcc/riscv-none-embed/8.2.0/rv32imafc/ilp32f\libgcc.a(ledf2.o)
                0x0000000000007598                __ledf2
                0x0000000000007598                __ltdf2
 .text.__muldf3
                0x000000000000764e      0x656 c:/mounriver/mounriver_studio/toolchain/risc-v embedded gcc/bin/../lib/gcc/riscv-none-embed/8.2.0/rv32imafc/ilp32f\libgcc.a(muldf3.o)
                0x000000000000764e                __muldf3
 .text.__subdf3
                0x0000000000007ca4      0xa8c c:/mounriver/mounriver_studio/toolchain/risc-v embedded gcc/bin/../lib/gcc/riscv-none-embed/8.2.0/rv32imafc/ilp32f\libgcc.a(subdf3.o)
                0x0000000000007ca4                __subdf3
 .text.__unorddf2
                0x0000000000008730       0x7c c:/mounriver/mounriver_studio/toolchain/risc-v embedded gcc/bin/../lib/gcc/riscv-none-embed/8.2.0/rv32imafc/ilp32f\libgcc.a(unorddf2.o)
                0x0000000000008730                __unorddf2
 .text.__fixdfsi
                0x00000000000087ac       0xd8 c:/mounriver/mounriver_studio/toolchain/risc-v embedded gcc/bin/../lib/gcc/riscv-none-embed/8.2.0/rv32imafc/ilp32f\libgcc.a(fixdfsi.o)
                0x00000000000087ac                __fixdfsi
 .text.__fixunsdfsi
                0x0000000000008884       0x9e c:/mounriver/mounriver_studio/toolchain/risc-v embedded gcc/bin/../lib/gcc/riscv-none-embed/8.2.0/rv32imafc/ilp32f\libgcc.a(fixunsdfsi.o)
                0x0000000000008884                __fixunsdfsi
 .text.__floatsidf
                0x0000000000008922       0x70 c:/mounriver/mounriver_studio/toolchain/risc-v embedded gcc/bin/../lib/gcc/riscv-none-embed/8.2.0/rv32imafc/ilp32f\libgcc.a(floatsidf.o)
                0x0000000000008922                __floatsidf
 .text.__floatunsidf
                0x0000000000008992       0x66 c:/mounriver/mounriver_studio/toolchain/risc-v embedded gcc/bin/../lib/gcc/riscv-none-embed/8.2.0/rv32imafc/ilp32f\libgcc.a(floatunsidf.o)
                0x0000000000008992                __floatunsidf
 .text.__extendsfdf2
                0x00000000000089f8       0xe8 c:/mounriver/mounriver_studio/toolchain/risc-v embedded gcc/bin/../lib/gcc/riscv-none-embed/8.2.0/rv32imafc/ilp32f\libgcc.a(extendsfdf2.o)
                0x00000000000089f8                __extendsfdf2
 .text.__truncdfsf2
                0x0000000000008ae0      0x31e c:/mounriver/mounriver_studio/toolchain/risc-v embedded gcc/bin/../lib/gcc/riscv-none-embed/8.2.0/rv32imafc/ilp32f\libgcc.a(truncdfsf2.o)
                0x0000000000008ae0                __truncdfsf2
 .text.__clzsi2
                0x0000000000008dfe       0x76 c:/mounriver/mounriver_studio/toolchain/risc-v embedded gcc/bin/../lib/gcc/riscv-none-embed/8.2.0/rv32imafc/ilp32f\libgcc.a(_clzsi2.o)
                0x0000000000008dfe                __clzsi2
 .text.__assert_func
                0x0000000000008e74       0x3a c:/mounriver/mounriver_studio/toolchain/risc-v embedded gcc/bin/../lib/gcc/riscv-none-embed/8.2.0/../../../../riscv-none-embed/lib/rv32imafc/ilp32f\libg_nano.a(lib_a-assert.o)
                0x0000000000008e74                __assert_func
 .text.atof     0x0000000000008eae        0x6 c:/mounriver/mounriver_studio/toolchain/risc-v embedded gcc/bin/../lib/gcc/riscv-none-embed/8.2.0/../../../../riscv-none-embed/lib/rv32imafc/ilp32f\libg_nano.a(lib_a-atof.o)
                0x0000000000008eae                atof
 .text.atoi     0x0000000000008eb4        0x8 c:/mounriver/mounriver_studio/toolchain/risc-v embedded gcc/bin/../lib/gcc/riscv-none-embed/8.2.0/../../../../riscv-none-embed/lib/rv32imafc/ilp32f\libg_nano.a(lib_a-atoi.o)
                0x0000000000008eb4                atoi
 .text.fprintf  0x0000000000008ebc       0x26 c:/mounriver/mounriver_studio/toolchain/risc-v embedded gcc/bin/../lib/gcc/riscv-none-embed/8.2.0/../../../../riscv-none-embed/lib/rv32imafc/ilp32f\libg_nano.a(lib_a-fprintf.o)
                0x0000000000008ebc                fiprintf
                0x0000000000008ebc                fprintf
 .text.malloc   0x0000000000008ee2        0xa c:/mounriver/mounriver_studio/toolchain/risc-v embedded gcc/bin/../lib/gcc/riscv-none-embed/8.2.0/../../../../riscv-none-embed/lib/rv32imafc/ilp32f\libg_nano.a(lib_a-malloc.o)
                0x0000000000008ee2                malloc
 .text.memcpy   0x0000000000008eec       0xb6 c:/mounriver/mounriver_studio/toolchain/risc-v embedded gcc/bin/../lib/gcc/riscv-none-embed/8.2.0/../../../../riscv-none-embed/lib/rv32imafc/ilp32f\libg_nano.a(lib_a-memcpy.o)
                0x0000000000008eec                memcpy
 .text._free_r  0x0000000000008fa2       0xa8 c:/mounriver/mounriver_studio/toolchain/risc-v embedded gcc/bin/../lib/gcc/riscv-none-embed/8.2.0/../../../../riscv-none-embed/lib/rv32imafc/ilp32f\libg_nano.a(lib_a-nano-freer.o)
                0x0000000000008fa2                _free_r
 .text._malloc_r
                0x000000000000904a       0xda c:/mounriver/mounriver_studio/toolchain/risc-v embedded gcc/bin/../lib/gcc/riscv-none-embed/8.2.0/../../../../riscv-none-embed/lib/rv32imafc/ilp32f\libg_nano.a(lib_a-nano-mallocr.o)
                0x000000000000904a                _malloc_r
 .text.__sfputc_r
                0x0000000000009124       0x2a c:/mounriver/mounriver_studio/toolchain/risc-v embedded gcc/bin/../lib/gcc/riscv-none-embed/8.2.0/../../../../riscv-none-embed/lib/rv32imafc/ilp32f\libg_nano.a(lib_a-nano-vfprintf.o)
 .text.__sfputs_r
                0x000000000000914e       0x44 c:/mounriver/mounriver_studio/toolchain/risc-v embedded gcc/bin/../lib/gcc/riscv-none-embed/8.2.0/../../../../riscv-none-embed/lib/rv32imafc/ilp32f\libg_nano.a(lib_a-nano-vfprintf.o)
                0x000000000000914e                __sfputs_r
 .text._vfprintf_r
                0x0000000000009192      0x29c c:/mounriver/mounriver_studio/toolchain/risc-v embedded gcc/bin/../lib/gcc/riscv-none-embed/8.2.0/../../../../riscv-none-embed/lib/rv32imafc/ilp32f\libg_nano.a(lib_a-nano-vfprintf.o)
                0x0000000000009192                _vfprintf_r
                0x0000000000009192                _vfiprintf_r
 .text.__cvt    0x000000000000942e       0xee c:/mounriver/mounriver_studio/toolchain/risc-v embedded gcc/bin/../lib/gcc/riscv-none-embed/8.2.0/../../../../riscv-none-embed/lib/rv32imafc/ilp32f\libg_nano.a(lib_a-nano-vfprintf_float.o)
                0x000000000000942e                __cvt
 .text.__exponent
                0x000000000000951c       0x8c c:/mounriver/mounriver_studio/toolchain/risc-v embedded gcc/bin/../lib/gcc/riscv-none-embed/8.2.0/../../../../riscv-none-embed/lib/rv32imafc/ilp32f\libg_nano.a(lib_a-nano-vfprintf_float.o)
                0x000000000000951c                __exponent
 .text._printf_float
                0x00000000000095a8      0x4c4 c:/mounriver/mounriver_studio/toolchain/risc-v embedded gcc/bin/../lib/gcc/riscv-none-embed/8.2.0/../../../../riscv-none-embed/lib/rv32imafc/ilp32f\libg_nano.a(lib_a-nano-vfprintf_float.o)
                0x00000000000095a8                _printf_float
 .text._printf_common
                0x0000000000009a6c      0x10c c:/mounriver/mounriver_studio/toolchain/risc-v embedded gcc/bin/../lib/gcc/riscv-none-embed/8.2.0/../../../../riscv-none-embed/lib/rv32imafc/ilp32f\libg_nano.a(lib_a-nano-vfprintf_i.o)
                0x0000000000009a6c                _printf_common
 .text._printf_i
                0x0000000000009b78      0x2ac c:/mounriver/mounriver_studio/toolchain/risc-v embedded gcc/bin/../lib/gcc/riscv-none-embed/8.2.0/../../../../riscv-none-embed/lib/rv32imafc/ilp32f\libg_nano.a(lib_a-nano-vfprintf_i.o)
                0x0000000000009b78                _printf_i
 .text.printf   0x0000000000009e24       0x42 c:/mounriver/mounriver_studio/toolchain/risc-v embedded gcc/bin/../lib/gcc/riscv-none-embed/8.2.0/../../../../riscv-none-embed/lib/rv32imafc/ilp32f\libg_nano.a(lib_a-printf.o)
                0x0000000000009e24                iprintf
                0x0000000000009e24                printf
 .text._sbrk_r  0x0000000000009e66       0x2a c:/mounriver/mounriver_studio/toolchain/risc-v embedded gcc/bin/../lib/gcc/riscv-none-embed/8.2.0/../../../../riscv-none-embed/lib/rv32imafc/ilp32f\libg_nano.a(lib_a-sbrkr.o)
                0x0000000000009e66                _sbrk_r
 .text.sprintf  0x0000000000009e90       0x46 c:/mounriver/mounriver_studio/toolchain/risc-v embedded gcc/bin/../lib/gcc/riscv-none-embed/8.2.0/../../../../riscv-none-embed/lib/rv32imafc/ilp32f\libg_nano.a(lib_a-sprintf.o)
                0x0000000000009e90                siprintf
                0x0000000000009e90                sprintf
 .text.strlen   0x0000000000009ed6       0x12 c:/mounriver/mounriver_studio/toolchain/risc-v embedded gcc/bin/../lib/gcc/riscv-none-embed/8.2.0/../../../../riscv-none-embed/lib/rv32imafc/ilp32f\libg_nano.a(lib_a-strlen.o)
                0x0000000000009ed6                strlen
 .text.strncmp  0x0000000000009ee8       0x2c c:/mounriver/mounriver_studio/toolchain/risc-v embedded gcc/bin/../lib/gcc/riscv-none-embed/8.2.0/../../../../riscv-none-embed/lib/rv32imafc/ilp32f\libg_nano.a(lib_a-strncmp.o)
                0x0000000000009ee8                strncmp
 .text.strncpy  0x0000000000009f14       0x24 c:/mounriver/mounriver_studio/toolchain/risc-v embedded gcc/bin/../lib/gcc/riscv-none-embed/8.2.0/../../../../riscv-none-embed/lib/rv32imafc/ilp32f\libg_nano.a(lib_a-strncpy.o)
                0x0000000000009f14                strncpy
 .text.sulp     0x0000000000009f38       0x4e c:/mounriver/mounriver_studio/toolchain/risc-v embedded gcc/bin/../lib/gcc/riscv-none-embed/8.2.0/../../../../riscv-none-embed/lib/rv32imafc/ilp32f\libg_nano.a(lib_a-strtod.o)
 .text._strtod_l
                0x0000000000009f86      0xc9c c:/mounriver/mounriver_studio/toolchain/risc-v embedded gcc/bin/../lib/gcc/riscv-none-embed/8.2.0/../../../../riscv-none-embed/lib/rv32imafc/ilp32f\libg_nano.a(lib_a-strtod.o)
                0x0000000000009f86                _strtod_l
 .text.strtod   0x000000000000ac22       0x1c c:/mounriver/mounriver_studio/toolchain/risc-v embedded gcc/bin/../lib/gcc/riscv-none-embed/8.2.0/../../../../riscv-none-embed/lib/rv32imafc/ilp32f\libg_nano.a(lib_a-strtod.o)
                0x000000000000ac22                strtod
 .text._strtol_l.isra.0
                0x000000000000ac3e      0x144 c:/mounriver/mounriver_studio/toolchain/risc-v embedded gcc/bin/../lib/gcc/riscv-none-embed/8.2.0/../../../../riscv-none-embed/lib/rv32imafc/ilp32f\libg_nano.a(lib_a-strtol.o)
 .text.strtol   0x000000000000ad82       0x1e c:/mounriver/mounriver_studio/toolchain/risc-v embedded gcc/bin/../lib/gcc/riscv-none-embed/8.2.0/../../../../riscv-none-embed/lib/rv32imafc/ilp32f\libg_nano.a(lib_a-strtol.o)
                0x000000000000ad82                strtol
 .text._vsprintf_r
                0x000000000000ada0       0x2e c:/mounriver/mounriver_studio/toolchain/risc-v embedded gcc/bin/../lib/gcc/riscv-none-embed/8.2.0/../../../../riscv-none-embed/lib/rv32imafc/ilp32f\libg_nano.a(lib_a-vsprintf.o)
                0x000000000000ada0                _vsprintf_r
                0x000000000000ada0                _vsiprintf_r
 .text.vsprintf
                0x000000000000adce       0x10 c:/mounriver/mounriver_studio/toolchain/risc-v embedded gcc/bin/../lib/gcc/riscv-none-embed/8.2.0/../../../../riscv-none-embed/lib/rv32imafc/ilp32f\libg_nano.a(lib_a-vsprintf.o)
                0x000000000000adce                vsiprintf
                0x000000000000adce                vsprintf
 .text.__swbuf_r
                0x000000000000adde       0xc6 c:/mounriver/mounriver_studio/toolchain/risc-v embedded gcc/bin/../lib/gcc/riscv-none-embed/8.2.0/../../../../riscv-none-embed/lib/rv32imafc/ilp32f\libg_nano.a(lib_a-wbuf.o)
                0x000000000000adde                __swbuf_r
 .text.__swsetup_r
                0x000000000000aea4      0x112 c:/mounriver/mounriver_studio/toolchain/risc-v embedded gcc/bin/../lib/gcc/riscv-none-embed/8.2.0/../../../../riscv-none-embed/lib/rv32imafc/ilp32f\libg_nano.a(lib_a-wsetup.o)
                0x000000000000aea4                __swsetup_r
 .text.abort    0x000000000000afb6       0x10 c:/mounriver/mounriver_studio/toolchain/risc-v embedded gcc/bin/../lib/gcc/riscv-none-embed/8.2.0/../../../../riscv-none-embed/lib/rv32imafc/ilp32f\libg_nano.a(lib_a-abort.o)
                0x000000000000afb6                abort
 .text.quorem   0x000000000000afc6      0x13a c:/mounriver/mounriver_studio/toolchain/risc-v embedded gcc/bin/../lib/gcc/riscv-none-embed/8.2.0/../../../../riscv-none-embed/lib/rv32imafc/ilp32f\libg_nano.a(lib_a-dtoa.o)
 .text._dtoa_r  0x000000000000b100      0xc04 c:/mounriver/mounriver_studio/toolchain/risc-v embedded gcc/bin/../lib/gcc/riscv-none-embed/8.2.0/../../../../riscv-none-embed/lib/rv32imafc/ilp32f\libg_nano.a(lib_a-dtoa.o)
                0x000000000000b100                _dtoa_r
 .text.__sflush_r
                0x000000000000bd04      0x13e c:/mounriver/mounriver_studio/toolchain/risc-v embedded gcc/bin/../lib/gcc/riscv-none-embed/8.2.0/../../../../riscv-none-embed/lib/rv32imafc/ilp32f\libg_nano.a(lib_a-fflush.o)
                0x000000000000bd04                __sflush_r
 .text._fflush_r
                0x000000000000be42       0x66 c:/mounriver/mounriver_studio/toolchain/risc-v embedded gcc/bin/../lib/gcc/riscv-none-embed/8.2.0/../../../../riscv-none-embed/lib/rv32imafc/ilp32f\libg_nano.a(lib_a-fflush.o)
                0x000000000000be42                _fflush_r
 .text.std      0x000000000000bea8       0x6a c:/mounriver/mounriver_studio/toolchain/risc-v embedded gcc/bin/../lib/gcc/riscv-none-embed/8.2.0/../../../../riscv-none-embed/lib/rv32imafc/ilp32f\libg_nano.a(lib_a-findfp.o)
 .text._cleanup_r
                0x000000000000bf12        0xa c:/mounriver/mounriver_studio/toolchain/risc-v embedded gcc/bin/../lib/gcc/riscv-none-embed/8.2.0/../../../../riscv-none-embed/lib/rv32imafc/ilp32f\libg_nano.a(lib_a-findfp.o)
                0x000000000000bf12                _cleanup_r
 .text.__sfmoreglue
                0x000000000000bf1c       0x48 c:/mounriver/mounriver_studio/toolchain/risc-v embedded gcc/bin/../lib/gcc/riscv-none-embed/8.2.0/../../../../riscv-none-embed/lib/rv32imafc/ilp32f\libg_nano.a(lib_a-findfp.o)
                0x000000000000bf1c                __sfmoreglue
 .text.__sinit  0x000000000000bf64       0x6c c:/mounriver/mounriver_studio/toolchain/risc-v embedded gcc/bin/../lib/gcc/riscv-none-embed/8.2.0/../../../../riscv-none-embed/lib/rv32imafc/ilp32f\libg_nano.a(lib_a-findfp.o)
                0x000000000000bf64                __sinit
 .text.__sfp    0x000000000000bfd0       0xa0 c:/mounriver/mounriver_studio/toolchain/risc-v embedded gcc/bin/../lib/gcc/riscv-none-embed/8.2.0/../../../../riscv-none-embed/lib/rv32imafc/ilp32f\libg_nano.a(lib_a-findfp.o)
                0x000000000000bfd0                __sfp
 .text._fwalk_reent
                0x000000000000c070       0x6c c:/mounriver/mounriver_studio/toolchain/risc-v embedded gcc/bin/../lib/gcc/riscv-none-embed/8.2.0/../../../../riscv-none-embed/lib/rv32imafc/ilp32f\libg_nano.a(lib_a-fwalk.o)
                0x000000000000c070                _fwalk_reent
 .text.rshift   0x000000000000c0dc       0x76 c:/mounriver/mounriver_studio/toolchain/risc-v embedded gcc/bin/../lib/gcc/riscv-none-embed/8.2.0/../../../../riscv-none-embed/lib/rv32imafc/ilp32f\libg_nano.a(lib_a-gdtoa-gethex.o)
 .text.__hexdig_fun
                0x000000000000c152       0x40 c:/mounriver/mounriver_studio/toolchain/risc-v embedded gcc/bin/../lib/gcc/riscv-none-embed/8.2.0/../../../../riscv-none-embed/lib/rv32imafc/ilp32f\libg_nano.a(lib_a-gdtoa-gethex.o)
                0x000000000000c152                __hexdig_fun
 .text.__gethex
                0x000000000000c192      0x4ce c:/mounriver/mounriver_studio/toolchain/risc-v embedded gcc/bin/../lib/gcc/riscv-none-embed/8.2.0/../../../../riscv-none-embed/lib/rv32imafc/ilp32f\libg_nano.a(lib_a-gdtoa-gethex.o)
                0x000000000000c192                __gethex
 .text.L_shift  0x000000000000c660       0x2c c:/mounriver/mounriver_studio/toolchain/risc-v embedded gcc/bin/../lib/gcc/riscv-none-embed/8.2.0/../../../../riscv-none-embed/lib/rv32imafc/ilp32f\libg_nano.a(lib_a-gdtoa-hexnan.o)
 .text.__match  0x000000000000c68c       0x30 c:/mounriver/mounriver_studio/toolchain/risc-v embedded gcc/bin/../lib/gcc/riscv-none-embed/8.2.0/../../../../riscv-none-embed/lib/rv32imafc/ilp32f\libg_nano.a(lib_a-gdtoa-hexnan.o)
                0x000000000000c68c                __match
 .text.__hexnan
                0x000000000000c6bc      0x160 c:/mounriver/mounriver_studio/toolchain/risc-v embedded gcc/bin/../lib/gcc/riscv-none-embed/8.2.0/../../../../riscv-none-embed/lib/rv32imafc/ilp32f\libg_nano.a(lib_a-gdtoa-hexnan.o)
                0x000000000000c6bc                __hexnan
 .text.__locale_ctype_ptr_l
                0x000000000000c81c        0x6 c:/mounriver/mounriver_studio/toolchain/risc-v embedded gcc/bin/../lib/gcc/riscv-none-embed/8.2.0/../../../../riscv-none-embed/lib/rv32imafc/ilp32f\libg_nano.a(lib_a-locale.o)
                0x000000000000c81c                __locale_ctype_ptr_l
 .text.__localeconv_l
                0x000000000000c822        0x6 c:/mounriver/mounriver_studio/toolchain/risc-v embedded gcc/bin/../lib/gcc/riscv-none-embed/8.2.0/../../../../riscv-none-embed/lib/rv32imafc/ilp32f\libg_nano.a(lib_a-localeconv.o)
                0x000000000000c822                __localeconv_l
 .text._localeconv_r
                0x000000000000c828       0x18 c:/mounriver/mounriver_studio/toolchain/risc-v embedded gcc/bin/../lib/gcc/riscv-none-embed/8.2.0/../../../../riscv-none-embed/lib/rv32imafc/ilp32f\libg_nano.a(lib_a-localeconv.o)
                0x000000000000c828                _localeconv_r
 .text.__swhatbuf_r
                0x000000000000c840       0x5a c:/mounriver/mounriver_studio/toolchain/risc-v embedded gcc/bin/../lib/gcc/riscv-none-embed/8.2.0/../../../../riscv-none-embed/lib/rv32imafc/ilp32f\libg_nano.a(lib_a-makebuf.o)
                0x000000000000c840                __swhatbuf_r
 .text.__smakebuf_r
                0x000000000000c89a       0xa2 c:/mounriver/mounriver_studio/toolchain/risc-v embedded gcc/bin/../lib/gcc/riscv-none-embed/8.2.0/../../../../riscv-none-embed/lib/rv32imafc/ilp32f\libg_nano.a(lib_a-makebuf.o)
                0x000000000000c89a                __smakebuf_r
 .text.__ascii_mbtowc
                0x000000000000c93c       0x3a c:/mounriver/mounriver_studio/toolchain/risc-v embedded gcc/bin/../lib/gcc/riscv-none-embed/8.2.0/../../../../riscv-none-embed/lib/rv32imafc/ilp32f\libg_nano.a(lib_a-mbtowc_r.o)
                0x000000000000c93c                __ascii_mbtowc
 .text.memchr   0x000000000000c976       0x1a c:/mounriver/mounriver_studio/toolchain/risc-v embedded gcc/bin/../lib/gcc/riscv-none-embed/8.2.0/../../../../riscv-none-embed/lib/rv32imafc/ilp32f\libg_nano.a(lib_a-memchr.o)
                0x000000000000c976                memchr
 .text.memmove  0x000000000000c990       0x4a c:/mounriver/mounriver_studio/toolchain/risc-v embedded gcc/bin/../lib/gcc/riscv-none-embed/8.2.0/../../../../riscv-none-embed/lib/rv32imafc/ilp32f\libg_nano.a(lib_a-memmove.o)
                0x000000000000c990                memmove
 .text.__malloc_lock
                0x000000000000c9da        0x2 c:/mounriver/mounriver_studio/toolchain/risc-v embedded gcc/bin/../lib/gcc/riscv-none-embed/8.2.0/../../../../riscv-none-embed/lib/rv32imafc/ilp32f\libg_nano.a(lib_a-mlock.o)
                0x000000000000c9da                __malloc_lock
 .text.__malloc_unlock
                0x000000000000c9dc        0x2 c:/mounriver/mounriver_studio/toolchain/risc-v embedded gcc/bin/../lib/gcc/riscv-none-embed/8.2.0/../../../../riscv-none-embed/lib/rv32imafc/ilp32f\libg_nano.a(lib_a-mlock.o)
                0x000000000000c9dc                __malloc_unlock
 .text._Balloc  0x000000000000c9de       0x8c c:/mounriver/mounriver_studio/toolchain/risc-v embedded gcc/bin/../lib/gcc/riscv-none-embed/8.2.0/../../../../riscv-none-embed/lib/rv32imafc/ilp32f\libg_nano.a(lib_a-mprec.o)
                0x000000000000c9de                _Balloc
 .text._Bfree   0x000000000000ca6a       0x44 c:/mounriver/mounriver_studio/toolchain/risc-v embedded gcc/bin/../lib/gcc/riscv-none-embed/8.2.0/../../../../riscv-none-embed/lib/rv32imafc/ilp32f\libg_nano.a(lib_a-mprec.o)
                0x000000000000ca6a                _Bfree
 .text.__multadd
                0x000000000000caae       0x98 c:/mounriver/mounriver_studio/toolchain/risc-v embedded gcc/bin/../lib/gcc/riscv-none-embed/8.2.0/../../../../riscv-none-embed/lib/rv32imafc/ilp32f\libg_nano.a(lib_a-mprec.o)
                0x000000000000caae                __multadd
 .text.__s2b    0x000000000000cb46       0xa6 c:/mounriver/mounriver_studio/toolchain/risc-v embedded gcc/bin/../lib/gcc/riscv-none-embed/8.2.0/../../../../riscv-none-embed/lib/rv32imafc/ilp32f\libg_nano.a(lib_a-mprec.o)
                0x000000000000cb46                __s2b
 .text.__hi0bits
                0x000000000000cbec       0x46 c:/mounriver/mounriver_studio/toolchain/risc-v embedded gcc/bin/../lib/gcc/riscv-none-embed/8.2.0/../../../../riscv-none-embed/lib/rv32imafc/ilp32f\libg_nano.a(lib_a-mprec.o)
                0x000000000000cbec                __hi0bits
 .text.__lo0bits
                0x000000000000cc32       0x6a c:/mounriver/mounriver_studio/toolchain/risc-v embedded gcc/bin/../lib/gcc/riscv-none-embed/8.2.0/../../../../riscv-none-embed/lib/rv32imafc/ilp32f\libg_nano.a(lib_a-mprec.o)
                0x000000000000cc32                __lo0bits
 .text.__i2b    0x000000000000cc9c       0x1c c:/mounriver/mounriver_studio/toolchain/risc-v embedded gcc/bin/../lib/gcc/riscv-none-embed/8.2.0/../../../../riscv-none-embed/lib/rv32imafc/ilp32f\libg_nano.a(lib_a-mprec.o)
                0x000000000000cc9c                __i2b
 .text.__multiply
                0x000000000000ccb8      0x144 c:/mounriver/mounriver_studio/toolchain/risc-v embedded gcc/bin/../lib/gcc/riscv-none-embed/8.2.0/../../../../riscv-none-embed/lib/rv32imafc/ilp32f\libg_nano.a(lib_a-mprec.o)
                0x000000000000ccb8                __multiply
 .text.__pow5mult
                0x000000000000cdfc       0xbe c:/mounriver/mounriver_studio/toolchain/risc-v embedded gcc/bin/../lib/gcc/riscv-none-embed/8.2.0/../../../../riscv-none-embed/lib/rv32imafc/ilp32f\libg_nano.a(lib_a-mprec.o)
                0x000000000000cdfc                __pow5mult
 .text.__lshift
                0x000000000000ceba       0xce c:/mounriver/mounriver_studio/toolchain/risc-v embedded gcc/bin/../lib/gcc/riscv-none-embed/8.2.0/../../../../riscv-none-embed/lib/rv32imafc/ilp32f\libg_nano.a(lib_a-mprec.o)
                0x000000000000ceba                __lshift
 .text.__mcmp   0x000000000000cf88       0x32 c:/mounriver/mounriver_studio/toolchain/risc-v embedded gcc/bin/../lib/gcc/riscv-none-embed/8.2.0/../../../../riscv-none-embed/lib/rv32imafc/ilp32f\libg_nano.a(lib_a-mprec.o)
                0x000000000000cf88                __mcmp
 .text.__mdiff  0x000000000000cfba       0xf2 c:/mounriver/mounriver_studio/toolchain/risc-v embedded gcc/bin/../lib/gcc/riscv-none-embed/8.2.0/../../../../riscv-none-embed/lib/rv32imafc/ilp32f\libg_nano.a(lib_a-mprec.o)
                0x000000000000cfba                __mdiff
 .text.__ulp    0x000000000000d0ac       0x46 c:/mounriver/mounriver_studio/toolchain/risc-v embedded gcc/bin/../lib/gcc/riscv-none-embed/8.2.0/../../../../riscv-none-embed/lib/rv32imafc/ilp32f\libg_nano.a(lib_a-mprec.o)
                0x000000000000d0ac                __ulp
 .text.__b2d    0x000000000000d0f2       0xb4 c:/mounriver/mounriver_studio/toolchain/risc-v embedded gcc/bin/../lib/gcc/riscv-none-embed/8.2.0/../../../../riscv-none-embed/lib/rv32imafc/ilp32f\libg_nano.a(lib_a-mprec.o)
                0x000000000000d0f2                __b2d
 .text.__d2b    0x000000000000d1a6       0xd4 c:/mounriver/mounriver_studio/toolchain/risc-v embedded gcc/bin/../lib/gcc/riscv-none-embed/8.2.0/../../../../riscv-none-embed/lib/rv32imafc/ilp32f\libg_nano.a(lib_a-mprec.o)
                0x000000000000d1a6                __d2b
 .text.__ratio  0x000000000000d27a       0x74 c:/mounriver/mounriver_studio/toolchain/risc-v embedded gcc/bin/../lib/gcc/riscv-none-embed/8.2.0/../../../../riscv-none-embed/lib/rv32imafc/ilp32f\libg_nano.a(lib_a-mprec.o)
                0x000000000000d27a                __ratio
 .text.__copybits
                0x000000000000d2ee       0x36 c:/mounriver/mounriver_studio/toolchain/risc-v embedded gcc/bin/../lib/gcc/riscv-none-embed/8.2.0/../../../../riscv-none-embed/lib/rv32imafc/ilp32f\libg_nano.a(lib_a-mprec.o)
                0x000000000000d2ee                __copybits
 .text.__any_on
                0x000000000000d324       0x46 c:/mounriver/mounriver_studio/toolchain/risc-v embedded gcc/bin/../lib/gcc/riscv-none-embed/8.2.0/../../../../riscv-none-embed/lib/rv32imafc/ilp32f\libg_nano.a(lib_a-mprec.o)
                0x000000000000d324                __any_on
 .text._calloc_r
                0x000000000000d36a       0x28 c:/mounriver/mounriver_studio/toolchain/risc-v embedded gcc/bin/../lib/gcc/riscv-none-embed/8.2.0/../../../../riscv-none-embed/lib/rv32imafc/ilp32f\libg_nano.a(lib_a-nano-callocr.o)
                0x000000000000d36a                _calloc_r
 .text._realloc_r
                0x000000000000d392       0x58 c:/mounriver/mounriver_studio/toolchain/risc-v embedded gcc/bin/../lib/gcc/riscv-none-embed/8.2.0/../../../../riscv-none-embed/lib/rv32imafc/ilp32f\libg_nano.a(lib_a-nano-reallocr.o)
                0x000000000000d392                _realloc_r
 .text.__ssputs_r
                0x000000000000d3ea       0xee c:/mounriver/mounriver_studio/toolchain/risc-v embedded gcc/bin/../lib/gcc/riscv-none-embed/8.2.0/../../../../riscv-none-embed/lib/rv32imafc/ilp32f\libg_nano.a(lib_a-nano-svfprintf.o)
                0x000000000000d3ea                __ssputs_r
 .text._svfprintf_r
                0x000000000000d4d8      0x27e c:/mounriver/mounriver_studio/toolchain/risc-v embedded gcc/bin/../lib/gcc/riscv-none-embed/8.2.0/../../../../riscv-none-embed/lib/rv32imafc/ilp32f\libg_nano.a(lib_a-nano-svfprintf.o)
                0x000000000000d4d8                _svfiprintf_r
                0x000000000000d4d8                _svfprintf_r
 .text._raise_r
                0x000000000000d756       0x62 c:/mounriver/mounriver_studio/toolchain/risc-v embedded gcc/bin/../lib/gcc/riscv-none-embed/8.2.0/../../../../riscv-none-embed/lib/rv32imafc/ilp32f\libg_nano.a(lib_a-signal.o)
                0x000000000000d756                _raise_r
 .text.raise    0x000000000000d7b8        0xc c:/mounriver/mounriver_studio/toolchain/risc-v embedded gcc/bin/../lib/gcc/riscv-none-embed/8.2.0/../../../../riscv-none-embed/lib/rv32imafc/ilp32f\libg_nano.a(lib_a-signal.o)
                0x000000000000d7b8                raise
 .text._kill_r  0x000000000000d7c4       0x2a c:/mounriver/mounriver_studio/toolchain/risc-v embedded gcc/bin/../lib/gcc/riscv-none-embed/8.2.0/../../../../riscv-none-embed/lib/rv32imafc/ilp32f\libg_nano.a(lib_a-signalr.o)
                0x000000000000d7c4                _kill_r
 .text._getpid_r
                0x000000000000d7ee        0x2 c:/mounriver/mounriver_studio/toolchain/risc-v embedded gcc/bin/../lib/gcc/riscv-none-embed/8.2.0/../../../../riscv-none-embed/lib/rv32imafc/ilp32f\libg_nano.a(lib_a-signalr.o)
                0x000000000000d7ee                _getpid_r
 .text.__sread  0x000000000000d7f0       0x30 c:/mounriver/mounriver_studio/toolchain/risc-v embedded gcc/bin/../lib/gcc/riscv-none-embed/8.2.0/../../../../riscv-none-embed/lib/rv32imafc/ilp32f\libg_nano.a(lib_a-stdio.o)
                0x000000000000d7f0                __sread
 .text.__swrite
                0x000000000000d820       0x4e c:/mounriver/mounriver_studio/toolchain/risc-v embedded gcc/bin/../lib/gcc/riscv-none-embed/8.2.0/../../../../riscv-none-embed/lib/rv32imafc/ilp32f\libg_nano.a(lib_a-stdio.o)
                0x000000000000d820                __swrite
 .text.__sseek  0x000000000000d86e       0x36 c:/mounriver/mounriver_studio/toolchain/risc-v embedded gcc/bin/../lib/gcc/riscv-none-embed/8.2.0/../../../../riscv-none-embed/lib/rv32imafc/ilp32f\libg_nano.a(lib_a-stdio.o)
                0x000000000000d86e                __sseek
 .text.__sclose
                0x000000000000d8a4        0x6 c:/mounriver/mounriver_studio/toolchain/risc-v embedded gcc/bin/../lib/gcc/riscv-none-embed/8.2.0/../../../../riscv-none-embed/lib/rv32imafc/ilp32f\libg_nano.a(lib_a-stdio.o)
                0x000000000000d8a4                __sclose
 .text.__ascii_wctomb
                0x000000000000d8aa       0x20 c:/mounriver/mounriver_studio/toolchain/risc-v embedded gcc/bin/../lib/gcc/riscv-none-embed/8.2.0/../../../../riscv-none-embed/lib/rv32imafc/ilp32f\libg_nano.a(lib_a-wctomb_r.o)
                0x000000000000d8aa                __ascii_wctomb
 .text._write_r
                0x000000000000d8ca       0x2e c:/mounriver/mounriver_studio/toolchain/risc-v embedded gcc/bin/../lib/gcc/riscv-none-embed/8.2.0/../../../../riscv-none-embed/lib/rv32imafc/ilp32f\libg_nano.a(lib_a-writer.o)
                0x000000000000d8ca                _write_r
 .text._close_r
                0x000000000000d8f8       0x28 c:/mounriver/mounriver_studio/toolchain/risc-v embedded gcc/bin/../lib/gcc/riscv-none-embed/8.2.0/../../../../riscv-none-embed/lib/rv32imafc/ilp32f\libg_nano.a(lib_a-closer.o)
                0x000000000000d8f8                _close_r
 .text._fstat_r
                0x000000000000d920       0x2a c:/mounriver/mounriver_studio/toolchain/risc-v embedded gcc/bin/../lib/gcc/riscv-none-embed/8.2.0/../../../../riscv-none-embed/lib/rv32imafc/ilp32f\libg_nano.a(lib_a-fstatr.o)
                0x000000000000d920                _fstat_r
 .text._isatty_r
                0x000000000000d94a       0x28 c:/mounriver/mounriver_studio/toolchain/risc-v embedded gcc/bin/../lib/gcc/riscv-none-embed/8.2.0/../../../../riscv-none-embed/lib/rv32imafc/ilp32f\libg_nano.a(lib_a-isattyr.o)
                0x000000000000d94a                _isatty_r
 .text._lseek_r
                0x000000000000d972       0x2c c:/mounriver/mounriver_studio/toolchain/risc-v embedded gcc/bin/../lib/gcc/riscv-none-embed/8.2.0/../../../../riscv-none-embed/lib/rv32imafc/ilp32f\libg_nano.a(lib_a-lseekr.o)
                0x000000000000d972                _lseek_r
 .text._malloc_usable_size_r
                0x000000000000d99e       0x14 c:/mounriver/mounriver_studio/toolchain/risc-v embedded gcc/bin/../lib/gcc/riscv-none-embed/8.2.0/../../../../riscv-none-embed/lib/rv32imafc/ilp32f\libg_nano.a(lib_a-nano-msizer.o)
                0x000000000000d99e                _malloc_usable_size_r
 .text._read_r  0x000000000000d9b2       0x2c c:/mounriver/mounriver_studio/toolchain/risc-v embedded gcc/bin/../lib/gcc/riscv-none-embed/8.2.0/../../../../riscv-none-embed/lib/rv32imafc/ilp32f\libg_nano.a(lib_a-readr.o)
                0x000000000000d9b2                _read_r
 .text.__trunctfdf2
                0x000000000000d9de      0x3d0 c:/mounriver/mounriver_studio/toolchain/risc-v embedded gcc/bin/../lib/gcc/riscv-none-embed/8.2.0/rv32imafc/ilp32f\libgcc.a(trunctfdf2.o)
                0x000000000000d9de                __trunctfdf2
 .text._close   0x000000000000ddae        0xc c:/mounriver/mounriver_studio/toolchain/risc-v embedded gcc/bin/../lib/gcc/riscv-none-embed/8.2.0/../../../../riscv-none-embed/lib/rv32imafc/ilp32f\libnosys.a(close.o)
                0x000000000000ddae                _close
 .text._fstat   0x000000000000ddba        0xc c:/mounriver/mounriver_studio/toolchain/risc-v embedded gcc/bin/../lib/gcc/riscv-none-embed/8.2.0/../../../../riscv-none-embed/lib/rv32imafc/ilp32f\libnosys.a(fstat.o)
                0x000000000000ddba                _fstat
 .text._getpid  0x000000000000ddc6        0xc c:/mounriver/mounriver_studio/toolchain/risc-v embedded gcc/bin/../lib/gcc/riscv-none-embed/8.2.0/../../../../riscv-none-embed/lib/rv32imafc/ilp32f\libnosys.a(getpid.o)
                0x000000000000ddc6                _getpid
 .text._isatty  0x000000000000ddd2        0xc c:/mounriver/mounriver_studio/toolchain/risc-v embedded gcc/bin/../lib/gcc/riscv-none-embed/8.2.0/../../../../riscv-none-embed/lib/rv32imafc/ilp32f\libnosys.a(isatty.o)
                0x000000000000ddd2                _isatty
 .text._kill    0x000000000000ddde        0xc c:/mounriver/mounriver_studio/toolchain/risc-v embedded gcc/bin/../lib/gcc/riscv-none-embed/8.2.0/../../../../riscv-none-embed/lib/rv32imafc/ilp32f\libnosys.a(kill.o)
                0x000000000000ddde                _kill
 .text._lseek   0x000000000000ddea        0xc c:/mounriver/mounriver_studio/toolchain/risc-v embedded gcc/bin/../lib/gcc/riscv-none-embed/8.2.0/../../../../riscv-none-embed/lib/rv32imafc/ilp32f\libnosys.a(lseek.o)
                0x000000000000ddea                _lseek
 .text._read    0x000000000000ddf6        0xc c:/mounriver/mounriver_studio/toolchain/risc-v embedded gcc/bin/../lib/gcc/riscv-none-embed/8.2.0/../../../../riscv-none-embed/lib/rv32imafc/ilp32f\libnosys.a(read.o)
                0x000000000000ddf6                _read
 .text._sbrk    0x000000000000de02       0x20 c:/mounriver/mounriver_studio/toolchain/risc-v embedded gcc/bin/../lib/gcc/riscv-none-embed/8.2.0/../../../../riscv-none-embed/lib/rv32imafc/ilp32f\libnosys.a(sbrk.o)
                0x000000000000de02                _sbrk
 .text._exit    0x000000000000de22        0x2 c:/mounriver/mounriver_studio/toolchain/risc-v embedded gcc/bin/../lib/gcc/riscv-none-embed/8.2.0/../../../../riscv-none-embed/lib/rv32imafc/ilp32f\libnosys.a(_exit.o)
                0x000000000000de22                _exit
 *(.rodata)
 .rodata        0x000000000000de24       0x74 ./zf_driver/zf_driver_uart.o
 *fill*         0x000000000000de98        0x0 
 .rodata        0x000000000000de98        0x8 ./zf_device/zf_device_dm1xa.o
 .rodata        0x000000000000dea0       0xf0 ./zf_device/zf_device_gnss.o
 .rodata        0x000000000000df90       0x78 ./zf_common/zf_common_debug.o
 .rodata        0x000000000000e008       0x74 ./zf_common/zf_common_fifo.o
 .rodata        0x000000000000e07c       0x2a ./user_c/main.o
 *fill*         0x000000000000e0a6        0x2 
 .rodata        0x000000000000e0a8       0x41 ./sdk/Peripheral/ch32v30x_usbotg_device.o
 *fill*         0x000000000000e0e9        0x3 
 .rodata        0x000000000000e0ec       0x92 ./code/Ring_Buffer.o
 *fill*         0x000000000000e17e        0x2 
 .rodata        0x000000000000e180       0x53 ./code/UART_Data_Unpacker.o
 *(.rodata*)
 *fill*         0x000000000000e1d3        0x1 
 .rodata.timer_get
                0x000000000000e1d4       0x28 ./zf_driver/zf_driver_timer.o
 .rodata.timer_clear
                0x000000000000e1fc       0x28 ./zf_driver/zf_driver_timer.o
 .rodata.uart_index
                0x000000000000e224       0x20 ./zf_driver/zf_driver_uart.o
                0x000000000000e224                uart_index
 .rodata.MyDevDescrHD
                0x000000000000e244       0x12 ./sdk/Peripheral/ch32v30x_usbotg_device.o
                0x000000000000e244                MyDevDescrHD
 *fill*         0x000000000000e256        0x2 
 .rodata.MyCfgDescrHD
                0x000000000000e258       0x43 ./sdk/Peripheral/ch32v30x_usbotg_device.o
                0x000000000000e258                MyCfgDescrHD
 *fill*         0x000000000000e29b        0x1 
 .rodata.MyReportDescHD
                0x000000000000e29c       0x14 ./sdk/Peripheral/ch32v30x_usbotg_device.o
                0x000000000000e29c                MyReportDescHD
 .rodata.MyManuInfoHD
                0x000000000000e2b0        0xe ./sdk/Peripheral/ch32v30x_usbotg_device.o
                0x000000000000e2b0                MyManuInfoHD
 *fill*         0x000000000000e2be        0x2 
 .rodata.MyProdInfoHD
                0x000000000000e2c0        0xc ./sdk/Peripheral/ch32v30x_usbotg_device.o
                0x000000000000e2c0                MyProdInfoHD
 .rodata.MySerNumInfoHD
                0x000000000000e2cc       0x16 ./sdk/Peripheral/ch32v30x_usbotg_device.o
                0x000000000000e2cc                MySerNumInfoHD
 *fill*         0x000000000000e2e2        0x2 
 .rodata.MyUSBQUADescHD
                0x000000000000e2e4        0xa ./sdk/Peripheral/ch32v30x_usbotg_device.o
                0x000000000000e2e4                MyUSBQUADescHD
 *fill*         0x000000000000e2ee        0x2 
 .rodata.OTG_FS_IRQHandler
                0x000000000000e2f0       0xbc ./sdk/Peripheral/ch32v30x_usbotg_device.o
 .rodata.__func__.1691
                0x000000000000e3ac       0x11 ./code/Ring_Buffer.o
 *fill*         0x000000000000e3bd        0x3 
 .rodata.__divdf3
                0x000000000000e3c0       0x40 c:/mounriver/mounriver_studio/toolchain/risc-v embedded gcc/bin/../lib/gcc/riscv-none-embed/8.2.0/rv32imafc/ilp32f\libgcc.a(divdf3.o)
 .rodata.__muldf3
                0x000000000000e400       0x40 c:/mounriver/mounriver_studio/toolchain/risc-v embedded gcc/bin/../lib/gcc/riscv-none-embed/8.2.0/rv32imafc/ilp32f\libgcc.a(muldf3.o)
 .rodata.__clz_tab
                0x000000000000e440      0x100 c:/mounriver/mounriver_studio/toolchain/risc-v embedded gcc/bin/../lib/gcc/riscv-none-embed/8.2.0/rv32imafc/ilp32f\libgcc.a(_clz.o)
                0x000000000000e440                __clz_tab
 .rodata.__assert_func.str1.4
                0x000000000000e540       0x3f c:/mounriver/mounriver_studio/toolchain/risc-v embedded gcc/bin/../lib/gcc/riscv-none-embed/8.2.0/../../../../riscv-none-embed/lib/rv32imafc/ilp32f\libg_nano.a(lib_a-assert.o)
                                         0x43 (size before relaxing)
 *fill*         0x000000000000e57f        0x1 
 .rodata._vfprintf_r.str1.4
                0x000000000000e580       0x13 c:/mounriver/mounriver_studio/toolchain/risc-v embedded gcc/bin/../lib/gcc/riscv-none-embed/8.2.0/../../../../riscv-none-embed/lib/rv32imafc/ilp32f\libg_nano.a(lib_a-nano-vfprintf.o)
 *fill*         0x000000000000e593        0x5 
 .rodata._printf_float.cst8
                0x000000000000e598        0x8 c:/mounriver/mounriver_studio/toolchain/risc-v embedded gcc/bin/../lib/gcc/riscv-none-embed/8.2.0/../../../../riscv-none-embed/lib/rv32imafc/ilp32f\libg_nano.a(lib_a-nano-vfprintf_float.o)
 .rodata._printf_float.str1.4
                0x000000000000e5a0       0x12 c:/mounriver/mounriver_studio/toolchain/risc-v embedded gcc/bin/../lib/gcc/riscv-none-embed/8.2.0/../../../../riscv-none-embed/lib/rv32imafc/ilp32f\libg_nano.a(lib_a-nano-vfprintf_float.o)
 *fill*         0x000000000000e5b2        0x2 
 .rodata._printf_i.str1.4
                0x000000000000e5b4       0x25 c:/mounriver/mounriver_studio/toolchain/risc-v embedded gcc/bin/../lib/gcc/riscv-none-embed/8.2.0/../../../../riscv-none-embed/lib/rv32imafc/ilp32f\libg_nano.a(lib_a-nano-vfprintf_i.o)
 *fill*         0x000000000000e5d9        0x3 
 .rodata._strtod_l
                0x000000000000e5dc       0x14 c:/mounriver/mounriver_studio/toolchain/risc-v embedded gcc/bin/../lib/gcc/riscv-none-embed/8.2.0/../../../../riscv-none-embed/lib/rv32imafc/ilp32f\libg_nano.a(lib_a-strtod.o)
 .rodata._strtod_l.cst8
                0x000000000000e5f0       0x38 c:/mounriver/mounriver_studio/toolchain/risc-v embedded gcc/bin/../lib/gcc/riscv-none-embed/8.2.0/../../../../riscv-none-embed/lib/rv32imafc/ilp32f\libg_nano.a(lib_a-strtod.o)
 .rodata._strtod_l.str1.4
                0x000000000000e628        0xf c:/mounriver/mounriver_studio/toolchain/risc-v embedded gcc/bin/../lib/gcc/riscv-none-embed/8.2.0/../../../../riscv-none-embed/lib/rv32imafc/ilp32f\libg_nano.a(lib_a-strtod.o)
 *fill*         0x000000000000e637        0x1 
 .rodata.fpi.3397
                0x000000000000e638       0x14 c:/mounriver/mounriver_studio/toolchain/risc-v embedded gcc/bin/../lib/gcc/riscv-none-embed/8.2.0/../../../../riscv-none-embed/lib/rv32imafc/ilp32f\libg_nano.a(lib_a-strtod.o)
 .rodata.fpinan.3433
                0x000000000000e64c       0x14 c:/mounriver/mounriver_studio/toolchain/risc-v embedded gcc/bin/../lib/gcc/riscv-none-embed/8.2.0/../../../../riscv-none-embed/lib/rv32imafc/ilp32f\libg_nano.a(lib_a-strtod.o)
 .rodata.tinytens
                0x000000000000e660       0x28 c:/mounriver/mounriver_studio/toolchain/risc-v embedded gcc/bin/../lib/gcc/riscv-none-embed/8.2.0/../../../../riscv-none-embed/lib/rv32imafc/ilp32f\libg_nano.a(lib_a-strtod.o)
 .rodata._dtoa_r.cst8
                0x000000000000e688       0x38 c:/mounriver/mounriver_studio/toolchain/risc-v embedded gcc/bin/../lib/gcc/riscv-none-embed/8.2.0/../../../../riscv-none-embed/lib/rv32imafc/ilp32f\libg_nano.a(lib_a-dtoa.o)
                                         0x48 (size before relaxing)
 .rodata._dtoa_r.str1.4
                0x000000000000e6c0       0x10 c:/mounriver/mounriver_studio/toolchain/risc-v embedded gcc/bin/../lib/gcc/riscv-none-embed/8.2.0/../../../../riscv-none-embed/lib/rv32imafc/ilp32f\libg_nano.a(lib_a-dtoa.o)
                                         0x12 (size before relaxing)
 .rodata.__sf_fake_stderr
                0x000000000000e6d0       0x20 c:/mounriver/mounriver_studio/toolchain/risc-v embedded gcc/bin/../lib/gcc/riscv-none-embed/8.2.0/../../../../riscv-none-embed/lib/rv32imafc/ilp32f\libg_nano.a(lib_a-findfp.o)
                0x000000000000e6d0                __sf_fake_stderr
 .rodata.__sf_fake_stdin
                0x000000000000e6f0       0x20 c:/mounriver/mounriver_studio/toolchain/risc-v embedded gcc/bin/../lib/gcc/riscv-none-embed/8.2.0/../../../../riscv-none-embed/lib/rv32imafc/ilp32f\libg_nano.a(lib_a-findfp.o)
                0x000000000000e6f0                __sf_fake_stdin
 .rodata.__sf_fake_stdout
                0x000000000000e710       0x20 c:/mounriver/mounriver_studio/toolchain/risc-v embedded gcc/bin/../lib/gcc/riscv-none-embed/8.2.0/../../../../riscv-none-embed/lib/rv32imafc/ilp32f\libg_nano.a(lib_a-findfp.o)
                0x000000000000e710                __sf_fake_stdout
 .rodata._setlocale_r.str1.4
                0x000000000000e730        0xa c:/mounriver/mounriver_studio/toolchain/risc-v embedded gcc/bin/../lib/gcc/riscv-none-embed/8.2.0/../../../../riscv-none-embed/lib/rv32imafc/ilp32f\libg_nano.a(lib_a-locale.o)
                                          0xd (size before relaxing)
 *fill*         0x000000000000e73a        0x2 
 .rodata.str1.4
                0x000000000000e73c        0x4 c:/mounriver/mounriver_studio/toolchain/risc-v embedded gcc/bin/../lib/gcc/riscv-none-embed/8.2.0/../../../../riscv-none-embed/lib/rv32imafc/ilp32f\libg_nano.a(lib_a-locale.o)
                                          0x2 (size before relaxing)
 .rodata.__mprec_bigtens
                0x000000000000e740       0x28 c:/mounriver/mounriver_studio/toolchain/risc-v embedded gcc/bin/../lib/gcc/riscv-none-embed/8.2.0/../../../../riscv-none-embed/lib/rv32imafc/ilp32f\libg_nano.a(lib_a-mprec.o)
                0x000000000000e740                __mprec_bigtens
 .rodata.__mprec_tens
                0x000000000000e768       0xc8 c:/mounriver/mounriver_studio/toolchain/risc-v embedded gcc/bin/../lib/gcc/riscv-none-embed/8.2.0/../../../../riscv-none-embed/lib/rv32imafc/ilp32f\libg_nano.a(lib_a-mprec.o)
                0x000000000000e768                __mprec_tens
 .rodata.p05.3321
                0x000000000000e830        0xc c:/mounriver/mounriver_studio/toolchain/risc-v embedded gcc/bin/../lib/gcc/riscv-none-embed/8.2.0/../../../../riscv-none-embed/lib/rv32imafc/ilp32f\libg_nano.a(lib_a-mprec.o)
 .rodata._svfprintf_r.str1.4
                0x000000000000e83c       0x13 c:/mounriver/mounriver_studio/toolchain/risc-v embedded gcc/bin/../lib/gcc/riscv-none-embed/8.2.0/../../../../riscv-none-embed/lib/rv32imafc/ilp32f\libg_nano.a(lib_a-nano-svfprintf.o)
 .rodata._ctype_
                0x000000000000e83c      0x101 c:/mounriver/mounriver_studio/toolchain/risc-v embedded gcc/bin/../lib/gcc/riscv-none-embed/8.2.0/../../../../riscv-none-embed/lib/rv32imafc/ilp32f\libg_nano.a(lib_a-ctype_.o)
                0x000000000000e83c                _ctype_
 *(.glue_7)
 *(.glue_7t)
 *(.gnu.linkonce.t.*)
                0x000000000000e940                . = ALIGN (0x4)
 *fill*         0x000000000000e93d        0x3 

.rela.dyn       0x000000000000e940        0x0
 .rela.init     0x000000000000e940        0x0 ./zf_driver/zf_driver_gpio.o
 .rela.vector   0x000000000000e940        0x0 ./zf_driver/zf_driver_gpio.o
 .rela.text.handle_reset
                0x000000000000e940        0x0 ./zf_driver/zf_driver_gpio.o
 .rela.text._vfprintf_r
                0x000000000000e940        0x0 ./zf_driver/zf_driver_gpio.o
 .rela.text._sbrk_r
                0x000000000000e940        0x0 ./zf_driver/zf_driver_gpio.o
 .rela.text._svfprintf_r
                0x000000000000e940        0x0 ./zf_driver/zf_driver_gpio.o
 .rela.text._kill_r
                0x000000000000e940        0x0 ./zf_driver/zf_driver_gpio.o
 .rela.text._write_r
                0x000000000000e940        0x0 ./zf_driver/zf_driver_gpio.o
 .rela.text._close_r
                0x000000000000e940        0x0 ./zf_driver/zf_driver_gpio.o
 .rela.text._fstat_r
                0x000000000000e940        0x0 ./zf_driver/zf_driver_gpio.o
 .rela.text._isatty_r
                0x000000000000e940        0x0 ./zf_driver/zf_driver_gpio.o
 .rela.text._lseek_r
                0x000000000000e940        0x0 ./zf_driver/zf_driver_gpio.o
 .rela.text._read_r
                0x000000000000e940        0x0 ./zf_driver/zf_driver_gpio.o
 .rela.text._close
                0x000000000000e940        0x0 ./zf_driver/zf_driver_gpio.o
 .rela.text._fstat
                0x000000000000e940        0x0 ./zf_driver/zf_driver_gpio.o
 .rela.text._getpid
                0x000000000000e940        0x0 ./zf_driver/zf_driver_gpio.o
 .rela.text._isatty
                0x000000000000e940        0x0 ./zf_driver/zf_driver_gpio.o
 .rela.text._kill
                0x000000000000e940        0x0 ./zf_driver/zf_driver_gpio.o
 .rela.text._lseek
                0x000000000000e940        0x0 ./zf_driver/zf_driver_gpio.o
 .rela.text._read
                0x000000000000e940        0x0 ./zf_driver/zf_driver_gpio.o
 .rela.text._sbrk
                0x000000000000e940        0x0 ./zf_driver/zf_driver_gpio.o

.fini           0x000000000000e940        0x0
 *(SORT_NONE(.fini))
                0x000000000000e940                . = ALIGN (0x4)
                [!provide]                        PROVIDE (_etext = .)
                [!provide]                        PROVIDE (_eitcm = .)

.preinit_array  0x000000000000e940        0x0
                [!provide]                        PROVIDE (__preinit_array_start = .)
 *(.preinit_array)
                [!provide]                        PROVIDE (__preinit_array_end = .)

.init_array     0x000000000000e940        0x0
                [!provide]                        PROVIDE (__init_array_start = .)
 *(SORT_BY_INIT_PRIORITY(.init_array.*) SORT_BY_INIT_PRIORITY(.ctors.*))
 *(.init_array EXCLUDE_FILE(*crtend?.o *crtend.o *crtbegin?.o *crtbegin.o) .ctors)
                [!provide]                        PROVIDE (__init_array_end = .)

.fini_array     0x000000000000e940        0x0
                [!provide]                        PROVIDE (__fini_array_start = .)
 *(SORT_BY_INIT_PRIORITY(.fini_array.*) SORT_BY_INIT_PRIORITY(.dtors.*))
 *(.fini_array EXCLUDE_FILE(*crtend?.o *crtend.o *crtbegin?.o *crtbegin.o) .dtors)
                [!provide]                        PROVIDE (__fini_array_end = .)

.ctors
 *crtbegin.o(.ctors)
 *crtbegin?.o(.ctors)
 *(EXCLUDE_FILE(*crtend?.o *crtend.o) .ctors)
 *(SORT_BY_NAME(.ctors.*))
 *(.ctors)

.dtors
 *crtbegin.o(.dtors)
 *crtbegin?.o(.dtors)
 *(EXCLUDE_FILE(*crtend?.o *crtend.o) .dtors)
 *(SORT_BY_NAME(.dtors.*))
 *(.dtors)

.dalign         0x0000000020000040        0x0 load address 0x000000000000e940
                0x0000000020000040                . = ALIGN (0x4)
                0x0000000020000040                PROVIDE (_data_vma = .)

.dlalign        0x000000000000e940        0x0
                0x000000000000e940                . = ALIGN (0x4)
                0x000000000000e940                PROVIDE (_data_lma = .)

.data           0x0000000020000040      0x290 load address 0x000000000000e940
 *(.gnu.linkonce.r.*)
 *(.data .data.*)
 .data.gpio_group
                0x0000000020000040       0x14 ./zf_driver/zf_driver_gpio.o
                0x0000000020000040                gpio_group
 .data.Test_packet
                0x0000000020000054       0x18 ./user_c/main.o
                0x0000000020000054                Test_packet
 .data.APBAHBPrescTable
                0x000000002000006c       0x10 ./sdk/Peripheral/ch32v30x_rcc.o
 .data.TAB_USB_FS_OSC_DESC
                0x000000002000007c       0x43 ./sdk/Peripheral/ch32v30x_usbotg_device.o
                0x000000002000007c                TAB_USB_FS_OSC_DESC
 *fill*         0x00000000200000bf        0x1 
 .data.impure_data
                0x00000000200000c0       0x60 c:/mounriver/mounriver_studio/toolchain/risc-v embedded gcc/bin/../lib/gcc/riscv-none-embed/8.2.0/../../../../riscv-none-embed/lib/rv32imafc/ilp32f\libg_nano.a(lib_a-impure.o)
 .data.__global_locale
                0x0000000020000120      0x16c c:/mounriver/mounriver_studio/toolchain/risc-v embedded gcc/bin/../lib/gcc/riscv-none-embed/8.2.0/../../../../riscv-none-embed/lib/rv32imafc/ilp32f\libg_nano.a(lib_a-locale.o)
                0x0000000020000120                __global_locale
 *(.gnu.linkonce.d.*)
                0x0000000020000290                . = ALIGN (0x8)
 *fill*         0x000000002000028c        0x4 
                0x0000000020000a90                PROVIDE (__global_pointer$ = (. + 0x800))
 *(.sdata .sdata.*)
 .sdata.dm1xa_distance_mm
                0x0000000020000290        0x2 ./zf_device/zf_device_dm1xa.o
 *fill*         0x0000000020000292        0x2 
 .sdata.camera_uart_handler
                0x0000000020000294        0x4 ./zf_device/zf_device_type.o
                0x0000000020000294                camera_uart_handler
 .sdata.camera_dvp_handler
                0x0000000020000298        0x4 ./zf_device/zf_device_type.o
                0x0000000020000298                camera_dvp_handler
 .sdata.wireless_module_uart_handler
                0x000000002000029c        0x4 ./zf_device/zf_device_type.o
                0x000000002000029c                wireless_module_uart_handler
 .sdata.tof_module_exti_handler
                0x00000000200002a0        0x4 ./zf_device/zf_device_type.o
                0x00000000200002a0                tof_module_exti_handler
 .sdata.system_clock
                0x00000000200002a4        0x4 ./zf_common/zf_common_clock.o
                0x00000000200002a4                system_clock
 .sdata.zf_debug_assert_enable
                0x00000000200002a8        0x1 ./zf_common/zf_common_debug.o
 *fill*         0x00000000200002a9        0x3 
 .sdata.ADCPrescTable
                0x00000000200002ac        0x4 ./sdk/Peripheral/ch32v30x_rcc.o
 .sdata.USBHD_Dev_Speed
                0x00000000200002b0        0x1 ./sdk/Peripheral/ch32v30x_usbotg_device.o
                0x00000000200002b0                USBHD_Dev_Speed
 *fill*         0x00000000200002b1        0x3 
 .sdata.LineCoding
                0x00000000200002b4        0x7 ./sdk/Peripheral/ch32v30x_usbotg_device.o
                0x00000000200002b4                LineCoding
 *fill*         0x00000000200002bb        0x1 
 .sdata._impure_ptr
                0x00000000200002bc        0x4 c:/mounriver/mounriver_studio/toolchain/risc-v embedded gcc/bin/../lib/gcc/riscv-none-embed/8.2.0/../../../../riscv-none-embed/lib/rv32imafc/ilp32f\libg_nano.a(lib_a-impure.o)
                0x00000000200002bc                _impure_ptr
 *(.sdata2.*)
 .sdata2.uart_irq
                0x00000000200002c0        0x8 ./zf_driver/zf_driver_uart.o
                0x00000000200002c0                uart_irq
 .sdata2.MyLangDescrHD
                0x00000000200002c8        0x4 ./sdk/Peripheral/ch32v30x_usbotg_device.o
                0x00000000200002c8                MyLangDescrHD
 .sdata2._global_impure_ptr
                0x00000000200002cc        0x4 c:/mounriver/mounriver_studio/toolchain/risc-v embedded gcc/bin/../lib/gcc/riscv-none-embed/8.2.0/../../../../riscv-none-embed/lib/rv32imafc/ilp32f\libg_nano.a(lib_a-impure.o)
                0x00000000200002cc                _global_impure_ptr
 *(.gnu.linkonce.s.*)
                0x00000000200002d0                . = ALIGN (0x8)
 *(.srodata.cst16)
 *(.srodata.cst8)
 *(.srodata.cst4)
 *(.srodata.cst2)
 *(.srodata .srodata.*)
                0x00000000200002d0                . = ALIGN (0x4)
                0x00000000200002d0                PROVIDE (_edata = .)

.bss            0x00000000200002d0      0x294 load address 0x000000000000ebd0
                0x00000000200002d0                . = ALIGN (0x4)
                0x00000000200002d0                PROVIDE (_sbss = .)
 *(.sbss*)
 .sbss.dm1xa_plus_count
                0x00000000200002d0        0x4 ./zf_device/zf_device_dm1xa.o
 .sbss.dm1xa_type
                0x00000000200002d4        0x4 ./zf_device/zf_device_dm1xa.o
 .sbss.dm1xa_ranging_state
                0x00000000200002d8        0x4 ./zf_device/zf_device_dm1xa.o
 .sbss.gnss_flag
                0x00000000200002dc        0x1 ./zf_device/zf_device_gnss.o
                0x00000000200002dc                gnss_flag
 .sbss.gnss_state
                0x00000000200002dd        0x1 ./zf_device/zf_device_gnss.o
 *fill*         0x00000000200002de        0x2 
 .sbss.gnss_gga_state
                0x00000000200002e0        0x4 ./zf_device/zf_device_gnss.o
 .sbss.gnss_rmc_state
                0x00000000200002e4        0x4 ./zf_device/zf_device_gnss.o
 .sbss.gnss_ths_state
                0x00000000200002e8        0x4 ./zf_device/zf_device_gnss.o
 .sbss.zf_debug_init_flag
                0x00000000200002ec        0x1 ./zf_common/zf_common_debug.o
 .sbss.assert_nest_index.5035
                0x00000000200002ed        0x1 ./zf_common/zf_common_debug.o
 *fill*         0x00000000200002ee        0x2 
 .sbss.interrupt_nest_count
                0x00000000200002f0        0x4 ./zf_common/zf_common_interrupt.o
 .sbss.test_value_1
                0x00000000200002f4        0x4 ./user_c/main.o
                0x00000000200002f4                test_value_1
 .sbss.test_value_2
                0x00000000200002f8        0x4 ./user_c/main.o
                0x00000000200002f8                test_value_2
 .sbss.EP0_DatabufHD
                0x00000000200002fc        0x8 ./sdk/Peripheral/ch32v30x_usbotg_device.o
                0x00000000200002fc                EP0_DatabufHD
 .sbss.pEP0_RAM_Addr
                0x0000000020000304        0x4 ./sdk/Peripheral/ch32v30x_usbotg_device.o
                0x0000000020000304                pEP0_RAM_Addr
 .sbss.pEP1_RAM_Addr
                0x0000000020000308        0x4 ./sdk/Peripheral/ch32v30x_usbotg_device.o
                0x0000000020000308                pEP1_RAM_Addr
 .sbss.pEP2_RAM_Addr
                0x000000002000030c        0x4 ./sdk/Peripheral/ch32v30x_usbotg_device.o
                0x000000002000030c                pEP2_RAM_Addr
 .sbss.pDescr   0x0000000020000310        0x4 ./sdk/Peripheral/ch32v30x_usbotg_device.o
                0x0000000020000310                pDescr
 .sbss.USBHD_Dev_SetupReqLen
                0x0000000020000314        0x2 ./sdk/Peripheral/ch32v30x_usbotg_device.o
                0x0000000020000314                USBHD_Dev_SetupReqLen
 .sbss.USBHD_Dev_SleepStatus
                0x0000000020000316        0x1 ./sdk/Peripheral/ch32v30x_usbotg_device.o
                0x0000000020000316                USBHD_Dev_SleepStatus
 .sbss.DevConfig
                0x0000000020000317        0x1 ./sdk/Peripheral/ch32v30x_usbotg_device.o
                0x0000000020000317                DevConfig
 .sbss.SetupReqCode
                0x0000000020000318        0x1 ./sdk/Peripheral/ch32v30x_usbotg_device.o
                0x0000000020000318                SetupReqCode
 *fill*         0x0000000020000319        0x1 
 .sbss.SetupReqLen
                0x000000002000031a        0x2 ./sdk/Peripheral/ch32v30x_usbotg_device.o
                0x000000002000031a                SetupReqLen
 .sbss.UART_DEBUG_data_packet_ready
                0x000000002000031c        0x1 ./code/UART_Data_Unpacker.o
                0x000000002000031c                UART_DEBUG_data_packet_ready
 .sbss.start_load_packet_flag.5074
                0x000000002000031d        0x1 ./code/UART_Data_Unpacker.o
 .sbss.prev_byte.5073
                0x000000002000031e        0x1 ./code/UART_Data_Unpacker.o
 .sbss.UART_DEBUG_got_data_index.5072
                0x000000002000031f        0x1 ./code/UART_Data_Unpacker.o
 .sbss.__malloc_free_list
                0x0000000020000320        0x4 c:/mounriver/mounriver_studio/toolchain/risc-v embedded gcc/bin/../lib/gcc/riscv-none-embed/8.2.0/../../../../riscv-none-embed/lib/rv32imafc/ilp32f\libg_nano.a(lib_a-nano-mallocr.o)
                0x0000000020000320                __malloc_free_list
 .sbss.__malloc_sbrk_start
                0x0000000020000324        0x4 c:/mounriver/mounriver_studio/toolchain/risc-v embedded gcc/bin/../lib/gcc/riscv-none-embed/8.2.0/../../../../riscv-none-embed/lib/rv32imafc/ilp32f\libg_nano.a(lib_a-nano-mallocr.o)
                0x0000000020000324                __malloc_sbrk_start
 .sbss.heap_end.1520
                0x0000000020000328        0x4 c:/mounriver/mounriver_studio/toolchain/risc-v embedded gcc/bin/../lib/gcc/riscv-none-embed/8.2.0/../../../../riscv-none-embed/lib/rv32imafc/ilp32f\libnosys.a(sbrk.o)
 *(.gnu.linkonce.sb.*)
 *(.bss*)
 .bss.timer_mode_state
                0x000000002000032c       0x28 ./zf_driver/zf_driver_timer.o
 .bss.gnss_receiver_fifo
                0x0000000020000354       0x19 ./zf_device/zf_device_gnss.o
 *fill*         0x000000002000036d        0x3 
 .bss.gps_gga_buffer
                0x0000000020000370       0x80 ./zf_device/zf_device_gnss.o
 .bss.gps_rmc_buffer
                0x00000000200003f0       0x80 ./zf_device/zf_device_gnss.o
 .bss.gps_ths_buffer
                0x0000000020000470       0x80 ./zf_device/zf_device_gnss.o
 .bss.debug_output_info
                0x00000000200004f0       0x14 ./zf_common/zf_common_debug.o
 .bss.UART_DEBUG_got_data
                0x0000000020000504        0xa ./code/UART_Data_Unpacker.o
                0x0000000020000504                UART_DEBUG_got_data
 *fill*         0x000000002000050e        0x2 
 .bss.ringbuffer_UART_DEBUG
                0x0000000020000510       0x10 ./code/UART_Data_Unpacker.o
                0x0000000020000510                ringbuffer_UART_DEBUG
 .bss.ringbuffer_place_UART_DEBUG
                0x0000000020000520       0x40 ./code/UART_Data_Unpacker.o
                0x0000000020000520                ringbuffer_place_UART_DEBUG
 *(.gnu.linkonce.b.*)
 *(COMMON*)
 COMMON         0x0000000020000560        0x4 c:/mounriver/mounriver_studio/toolchain/risc-v embedded gcc/bin/../lib/gcc/riscv-none-embed/8.2.0/../../../../riscv-none-embed/lib/rv32imafc/ilp32f\libg_nano.a(lib_a-reent.o)
                0x0000000020000560                errno
                0x0000000020000564                . = ALIGN (0x4)
                0x0000000020000564                PROVIDE (_ebss = .)
                [!provide]                        PROVIDE (_end = _ebss)
                0x0000000020000564                PROVIDE (end = .)

.stack          0x000000002000f440      0x800
                [!provide]                        PROVIDE (_heap_end = .)
                0x000000002000f440                . = ALIGN (0x4)
                [!provide]                        PROVIDE (_susrstack = .)
                0x000000002000fc40                . = (. + __stack_size)
 *fill*         0x000000002000f440      0x800 
                0x000000002000fc40                PROVIDE (_eusrstack = .)
OUTPUT(Seekfree_CH32V307VCT6_Opensource_Library.elf elf32-littleriscv)

.debug_info     0x0000000000000000    0x140df
 .debug_info    0x0000000000000000      0xefa ./zf_driver/zf_driver_gpio.o
 .debug_info    0x0000000000000efa      0xfb7 ./zf_driver/zf_driver_timer.o
 .debug_info    0x0000000000001eb1     0x1460 ./zf_driver/zf_driver_uart.o
 .debug_info    0x0000000000003311      0xe37 ./zf_device/zf_device_dm1xa.o
 .debug_info    0x0000000000004148     0x1846 ./zf_device/zf_device_gnss.o
 .debug_info    0x000000000000598e      0xb54 ./zf_device/zf_device_type.o
 .debug_info    0x00000000000064e2      0xb2d ./zf_common/zf_common_clock.o
 .debug_info    0x000000000000700f     0x1450 ./zf_common/zf_common_debug.o
 .debug_info    0x000000000000845f      0xdf1 ./zf_common/zf_common_fifo.o
 .debug_info    0x0000000000009250      0xf79 ./zf_common/zf_common_interrupt.o
 .debug_info    0x000000000000a1c9     0x1c2e ./user_c/isr.o
 .debug_info    0x000000000000bdf7     0x1c9b ./user_c/main.o
 .debug_info    0x000000000000da92       0x22 ./sdk/Startup/startup_ch32v30x_D8C.o
 .debug_info    0x000000000000dab4      0x353 ./sdk/Peripheral/ch32v30x_exti.o
 .debug_info    0x000000000000de07      0x712 ./sdk/Peripheral/ch32v30x_gpio.o
 .debug_info    0x000000000000e519      0xc64 ./sdk/Peripheral/ch32v30x_rcc.o
 .debug_info    0x000000000000f17d     0x1dd2 ./sdk/Peripheral/ch32v30x_tim.o
 .debug_info    0x0000000000010f4f      0xa45 ./sdk/Peripheral/ch32v30x_usart.o
 .debug_info    0x0000000000011994     0x13c6 ./sdk/Peripheral/ch32v30x_usbotg_device.o
 .debug_info    0x0000000000012d5a      0x36d ./code/Ring_Buffer.o
 .debug_info    0x00000000000130c7     0x1018 ./code/UART_Data_Unpacker.o

.debug_abbrev   0x0000000000000000     0x2ebf
 .debug_abbrev  0x0000000000000000      0x2ad ./zf_driver/zf_driver_gpio.o
 .debug_abbrev  0x00000000000002ad      0x28e ./zf_driver/zf_driver_timer.o
 .debug_abbrev  0x000000000000053b      0x2be ./zf_driver/zf_driver_uart.o
 .debug_abbrev  0x00000000000007f9      0x28b ./zf_device/zf_device_dm1xa.o
 .debug_abbrev  0x0000000000000a84      0x353 ./zf_device/zf_device_gnss.o
 .debug_abbrev  0x0000000000000dd7      0x225 ./zf_device/zf_device_type.o
 .debug_abbrev  0x0000000000000ffc      0x251 ./zf_common/zf_common_clock.o
 .debug_abbrev  0x000000000000124d      0x37a ./zf_common/zf_common_debug.o
 .debug_abbrev  0x00000000000015c7      0x2a5 ./zf_common/zf_common_fifo.o
 .debug_abbrev  0x000000000000186c      0x2c1 ./zf_common/zf_common_interrupt.o
 .debug_abbrev  0x0000000000001b2d      0x24e ./user_c/isr.o
 .debug_abbrev  0x0000000000001d7b      0x256 ./user_c/main.o
 .debug_abbrev  0x0000000000001fd1       0x12 ./sdk/Startup/startup_ch32v30x_D8C.o
 .debug_abbrev  0x0000000000001fe3      0x144 ./sdk/Peripheral/ch32v30x_exti.o
 .debug_abbrev  0x0000000000002127      0x1c7 ./sdk/Peripheral/ch32v30x_gpio.o
 .debug_abbrev  0x00000000000022ee      0x1ef ./sdk/Peripheral/ch32v30x_rcc.o
 .debug_abbrev  0x00000000000024dd      0x1c9 ./sdk/Peripheral/ch32v30x_tim.o
 .debug_abbrev  0x00000000000026a6      0x19e ./sdk/Peripheral/ch32v30x_usart.o
 .debug_abbrev  0x0000000000002844      0x299 ./sdk/Peripheral/ch32v30x_usbotg_device.o
 .debug_abbrev  0x0000000000002add      0x142 ./code/Ring_Buffer.o
 .debug_abbrev  0x0000000000002c1f      0x2a0 ./code/UART_Data_Unpacker.o

.debug_aranges  0x0000000000000000      0xc60
 .debug_aranges
                0x0000000000000000       0x40 ./zf_driver/zf_driver_gpio.o
 .debug_aranges
                0x0000000000000040       0x50 ./zf_driver/zf_driver_timer.o
 .debug_aranges
                0x0000000000000090       0x58 ./zf_driver/zf_driver_uart.o
 .debug_aranges
                0x00000000000000e8       0x40 ./zf_device/zf_device_dm1xa.o
 .debug_aranges
                0x0000000000000128       0x80 ./zf_device/zf_device_gnss.o
 .debug_aranges
                0x00000000000001a8       0x38 ./zf_device/zf_device_type.o
 .debug_aranges
                0x00000000000001e0       0x30 ./zf_common/zf_common_clock.o
 .debug_aranges
                0x0000000000000210       0x90 ./zf_common/zf_common_debug.o
 .debug_aranges
                0x00000000000002a0       0x68 ./zf_common/zf_common_fifo.o
 .debug_aranges
                0x0000000000000308       0x70 ./zf_common/zf_common_interrupt.o
 .debug_aranges
                0x0000000000000378       0xf8 ./user_c/isr.o
 .debug_aranges
                0x0000000000000470       0x20 ./user_c/main.o
 .debug_aranges
                0x0000000000000490       0x30 ./sdk/Startup/startup_ch32v30x_D8C.o
 .debug_aranges
                0x00000000000004c0       0x58 ./sdk/Peripheral/ch32v30x_exti.o
 .debug_aranges
                0x0000000000000518       0xa8 ./sdk/Peripheral/ch32v30x_gpio.o
 .debug_aranges
                0x00000000000005c0      0x1a8 ./sdk/Peripheral/ch32v30x_rcc.o
 .debug_aranges
                0x0000000000000768      0x2f0 ./sdk/Peripheral/ch32v30x_tim.o
 .debug_aranges
                0x0000000000000a58      0x100 ./sdk/Peripheral/ch32v30x_usart.o
 .debug_aranges
                0x0000000000000b58       0x50 ./sdk/Peripheral/ch32v30x_usbotg_device.o
 .debug_aranges
                0x0000000000000ba8       0x60 ./code/Ring_Buffer.o
 .debug_aranges
                0x0000000000000c08       0x58 ./code/UART_Data_Unpacker.o

.debug_ranges   0x0000000000000000      0xb18
 .debug_ranges  0x0000000000000000       0x30 ./zf_driver/zf_driver_gpio.o
 .debug_ranges  0x0000000000000030       0x40 ./zf_driver/zf_driver_timer.o
 .debug_ranges  0x0000000000000070       0x48 ./zf_driver/zf_driver_uart.o
 .debug_ranges  0x00000000000000b8       0x30 ./zf_device/zf_device_dm1xa.o
 .debug_ranges  0x00000000000000e8       0x70 ./zf_device/zf_device_gnss.o
 .debug_ranges  0x0000000000000158       0x28 ./zf_device/zf_device_type.o
 .debug_ranges  0x0000000000000180       0x20 ./zf_common/zf_common_clock.o
 .debug_ranges  0x00000000000001a0       0x80 ./zf_common/zf_common_debug.o
 .debug_ranges  0x0000000000000220       0x58 ./zf_common/zf_common_fifo.o
 .debug_ranges  0x0000000000000278       0x60 ./zf_common/zf_common_interrupt.o